Archive member included to satisfy reference by file (symbol)

c:/siliconlabs/simplicitystudio/v5/developer/toolchains/gnu_arm/12.2.rel1_2023.7/bin/../lib/gcc/arm-none-eabi/12.2.1/thumb/v7e-m+fp/softfp\libgcc.a(_arm_muldf3.o)
                              ./wiseconnect3_sdk_3.4.2/components/device/silabs/si91x/mcu/drivers/hardware_drivers/si70xx_sensor/src/sl_si91x_si70xx.o (__aeabi_dmul)
c:/siliconlabs/simplicitystudio/v5/developer/toolchains/gnu_arm/12.2.rel1_2023.7/bin/../lib/gcc/arm-none-eabi/12.2.1/thumb/v7e-m+fp/softfp\libgcc.a(_arm_addsubdf3.o)
                              ./wiseconnect3_sdk_3.4.2/components/device/silabs/si91x/mcu/drivers/hardware_drivers/si70xx_sensor/src/sl_si91x_si70xx.o (__aeabi_dsub)
c:/siliconlabs/simplicitystudio/v5/developer/toolchains/gnu_arm/12.2.rel1_2023.7/bin/../lib/gcc/arm-none-eabi/12.2.1/thumb/v7e-m+fp/softfp\libgcc.a(_arm_muldivdf3.o)
                              ./wiseconnect3_sdk_3.4.2/components/device/silabs/si91x/mcu/drivers/peripheral_drivers/src/clock_update.o (__aeabi_ddiv)
c:/siliconlabs/simplicitystudio/v5/developer/toolchains/gnu_arm/12.2.rel1_2023.7/bin/../lib/gcc/arm-none-eabi/12.2.1/thumb/v7e-m+fp/softfp\libgcc.a(_arm_cmpdf2.o)
                              ./wiseconnect3_sdk_3.4.2/components/device/silabs/si91x/mcu/drivers/peripheral_drivers/src/rsi_adc.o (__aeabi_dcmplt)
c:/siliconlabs/simplicitystudio/v5/developer/toolchains/gnu_arm/12.2.rel1_2023.7/bin/../lib/gcc/arm-none-eabi/12.2.1/thumb/v7e-m+fp/softfp\libgcc.a(_arm_fixunsdfsi.o)
                              ./wiseconnect3_sdk_3.4.2/components/device/silabs/si91x/mcu/drivers/peripheral_drivers/src/clock_update.o (__aeabi_d2uiz)
c:/siliconlabs/simplicitystudio/v5/developer/toolchains/gnu_arm/12.2.rel1_2023.7/bin/../lib/gcc/arm-none-eabi/12.2.1/thumb/v7e-m+fp/softfp\libgcc.a(_arm_truncdfsf2.o)
                              ./wiseconnect3_sdk_3.4.2/components/device/silabs/si91x/mcu/drivers/hardware_drivers/si70xx_sensor/src/sl_si91x_si70xx.o (__aeabi_d2f)
c:/siliconlabs/simplicitystudio/v5/developer/toolchains/gnu_arm/12.2.rel1_2023.7/bin/../lib/gcc/arm-none-eabi/12.2.1/thumb/v7e-m+fp/softfp\libgcc.a(_aeabi_ldivmod.o)
                              ./simplicity_sdk_2024.12.2/platform/service/sleeptimer/src/sl_sleeptimer.o (__aeabi_ldivmod)
c:/siliconlabs/simplicitystudio/v5/developer/toolchains/gnu_arm/12.2.rel1_2023.7/bin/../lib/gcc/arm-none-eabi/12.2.1/thumb/v7e-m+fp/softfp\libgcc.a(_aeabi_uldivmod.o)
                              ./simplicity_sdk_2024.12.2/platform/service/sleeptimer/src/sl_sleeptimer.o (__aeabi_uldivmod)
c:/siliconlabs/simplicitystudio/v5/developer/toolchains/gnu_arm/12.2.rel1_2023.7/bin/../lib/gcc/arm-none-eabi/12.2.1/thumb/v7e-m+fp/softfp\libgcc.a(_udivmoddi4.o)
                              c:/siliconlabs/simplicitystudio/v5/developer/toolchains/gnu_arm/12.2.rel1_2023.7/bin/../lib/gcc/arm-none-eabi/12.2.1/thumb/v7e-m+fp/softfp\libgcc.a(_aeabi_ldivmod.o) (__udivmoddi4)
c:/siliconlabs/simplicitystudio/v5/developer/toolchains/gnu_arm/12.2.rel1_2023.7/bin/../lib/gcc/arm-none-eabi/12.2.1/thumb/v7e-m+fp/softfp\libgcc.a(_dvmd_tls.o)
                              c:/siliconlabs/simplicitystudio/v5/developer/toolchains/gnu_arm/12.2.rel1_2023.7/bin/../lib/gcc/arm-none-eabi/12.2.1/thumb/v7e-m+fp/softfp\libgcc.a(_aeabi_ldivmod.o) (__aeabi_ldiv0)
c:/siliconlabs/simplicitystudio/v5/developer/toolchains/gnu_arm/12.2.rel1_2023.7/bin/../lib/gcc/arm-none-eabi/12.2.1/thumb/v7e-m+fp/softfp\libc_nano.a(libc_a-assert.o)
                              ./wiseconnect3_sdk_3.4.2/components/device/silabs/si91x/wireless/src/sl_rsi_utility.o (__assert_func)
c:/siliconlabs/simplicitystudio/v5/developer/toolchains/gnu_arm/12.2.rel1_2023.7/bin/../lib/gcc/arm-none-eabi/12.2.1/thumb/v7e-m+fp/softfp\libc_nano.a(libc_a-atoi.o)
                              ./wiseconnect3_sdk_3.4.2/components/service/sl_http_server/src/sl_http_server.o (atoi)
c:/siliconlabs/simplicitystudio/v5/developer/toolchains/gnu_arm/12.2.rel1_2023.7/bin/../lib/gcc/arm-none-eabi/12.2.1/thumb/v7e-m+fp/softfp\libc_nano.a(libc_a-calloc.o)
                              ./wiseconnect3_sdk_3.4.2/components/device/silabs/si91x/wireless/socket/src/sl_si91x_socket_utility.o (calloc)
c:/siliconlabs/simplicitystudio/v5/developer/toolchains/gnu_arm/12.2.rel1_2023.7/bin/../lib/gcc/arm-none-eabi/12.2.1/thumb/v7e-m+fp/softfp\libc_nano.a(libc_a-callocr.o)
                              c:/siliconlabs/simplicitystudio/v5/developer/toolchains/gnu_arm/12.2.rel1_2023.7/bin/../lib/gcc/arm-none-eabi/12.2.1/thumb/v7e-m+fp/softfp\libc_nano.a(libc_a-calloc.o) (_calloc_r)
c:/siliconlabs/simplicitystudio/v5/developer/toolchains/gnu_arm/12.2.rel1_2023.7/bin/../lib/gcc/arm-none-eabi/12.2.1/thumb/v7e-m+fp/softfp\libc_nano.a(libc_a-exit.o)
                              c:/siliconlabs/simplicitystudio/v5/developer/toolchains/gnu_arm/12.2.rel1_2023.7/bin/../lib/gcc/arm-none-eabi/12.2.1/thumb/v7e-m+fp/softfp/crt0.o (exit)
[...]
Memory Configuration

Name             Origin             Length             Attributes
rom              0x08202000         0x001fe000         xr
ram              0x00000400         0x0002f800         xrw
udma0            0x0002fc00         0x00000400         xrw
udma1            0x24061c00         0x00000400         xrw
*default*        0x00000000         0xffffffff

Linker script and memory map

LOAD c:/siliconlabs/simplicitystudio/v5/developer/toolchains/gnu_arm/12.2.rel1_2023.7/bin/../lib/gcc/arm-none-eabi/12.2.1/thumb/v7e-m+fp/softfp/crti.o
LOAD c:/siliconlabs/simplicitystudio/v5/developer/toolchains/gnu_arm/12.2.rel1_2023.7/bin/../lib/gcc/arm-none-eabi/12.2.1/thumb/v7e-m+fp/softfp/crtbegin.o
LOAD c:/siliconlabs/simplicitystudio/v5/developer/toolchains/gnu_arm/12.2.rel1_2023.7/bin/../lib/gcc/arm-none-eabi/12.2.1/thumb/v7e-m+fp/softfp/crt0.o
START GROUP
LOAD ./app.o
LOAD ./gyrofile.o
LOAD ./main.o
LOAD ./autogen/sl_event_handler.o
LOAD ./autogen/sl_i2c_init.o
LOAD ./autogen/sl_si91x_button_instances.o
LOAD ./simplicity_sdk_2024.12.2/platform/CMSIS/RTOS2/Source/os_systick.o
LOAD ./simplicity_sdk_2024.12.2/platform/common/src/sl_assert.o
LOAD ./simplicity_sdk_2024.12.2/platform/common/src/sl_cmsis_os2_common.o
LOAD ./simplicity_sdk_2024.12.2/platform/common/src/sl_core_cortexm.o
LOAD ./simplicity_sdk_2024.12.2/platform/common/src/sl_slist.o
LOAD ./simplicity_sdk_2024.12.2/platform/common/src/sl_string.o
LOAD ./simplicity_sdk_2024.12.2/platform/common/src/sl_syscalls.o
LOAD ./simplicity_sdk_2024.12.2/platform/common/src/sli_cmsis_os2_ext_task_register.o
LOAD ./simplicity_sdk_2024.12.2/platform/emlib/src/em_core.o
LOAD ./simplicity_sdk_2024.12.2/platform/service/mem_pool/src/sl_mem_pool.o
LOAD ./simplicity_sdk_2024.12.2/platform/service/sleeptimer/src/sl_sleeptimer.o
LOAD ./simplicity_sdk_2024.12.2/platform/service/system/src/sl_system_init.o
LOAD ./simplicity_sdk_2024.12.2/platform/service/system/src/sl_system_kernel.o
LOAD ./simplicity_sdk_2024.12.2/util/third_party/freertos/cmsis/Source/cmsis_os2.o
LOAD ./simplicity_sdk_2024.12.2/util/third_party/freertos/kernel/croutine.o
LOAD ./simplicity_sdk_2024.12.2/util/third_party/freertos/kernel/event_groups.o
LOAD ./simplicity_sdk_2024.12.2/util/third_party/freertos/kernel/list.o
LOAD ./simplicity_sdk_2024.12.2/util/third_party/freertos/kernel/queue.o
LOAD ./simplicity_sdk_2024.12.2/util/third_party/freertos/kernel/stream_buffer.o
LOAD ./simplicity_sdk_2024.12.2/util/third_party/freertos/kernel/tasks.o
LOAD ./simplicity_sdk_2024.12.2/util/third_party/freertos/kernel/timers.o
LOAD ./simplicity_sdk_2024.12.2/util/third_party/freertos/kernel/portable/GCC/ARM_CM4F/port.o
LOAD ./simplicity_sdk_2024.12.2/util/third_party/freertos/kernel/portable/MemMang/heap_3.o
LOAD ./wiseconnect3_sdk_3.4.2/components/board/silabs/src/rsi_board.o
LOAD ./wiseconnect3_sdk_3.4.2/components/common/src/sl_utility.o
LOAD ./wiseconnect3_sdk_3.4.2/components/device/silabs/si91x/mcu/core/chip/src/iPMU_prog/iPMU_dotc/ipmu_apis.o
LOAD ./wiseconnect3_sdk_3.4.2/components/device/silabs/si91x/mcu/core/chip/src/iPMU_prog/iPMU_dotc/rsi_system_config_917.o
LOAD ./wiseconnect3_sdk_3.4.2/components/device/silabs/si91x/mcu/core/chip/src/rsi_deepsleep_soc.o
LOAD ./wiseconnect3_sdk_3.4.2/components/device/silabs/si91x/mcu/core/chip/src/rsi_ps_ram_func.o
LOAD ./wiseconnect3_sdk_3.4.2/components/device/silabs/si91x/mcu/core/chip/src/startup_si91x.o
LOAD ./wiseconnect3_sdk_3.4.2/components/device/silabs/si91x/mcu/core/chip/src/system_si91x.o
LOAD ./wiseconnect3_sdk_3.4.2/components/device/silabs/si91x/mcu/core/common/src/rsi_debug.o
LOAD ./wiseconnect3_sdk_3.4.2/components/device/silabs/si91x/mcu/core/common/src/sl_si91x_stack_object_declare.o
LOAD ./wiseconnect3_sdk_3.4.2/components/device/silabs/si91x/mcu/core/common/src/syscalls.o
LOAD ./wiseconnect3_sdk_3.4.2/components/device/silabs/si91x/mcu/core/config/src/rsi_nvic_priorities_config.o
LOAD ./wiseconnect3_sdk_3.4.2/components/device/silabs/si91x/mcu/drivers/cmsis_driver/SPI.o
LOAD ./wiseconnect3_sdk_3.4.2/components/device/silabs/si91x/mcu/drivers/cmsis_driver/UDMA.o
LOAD ./wiseconnect3_sdk_3.4.2/components/device/silabs/si91x/mcu/drivers/cmsis_driver/USART.o
LOAD ./wiseconnect3_sdk_3.4.2/components/device/silabs/si91x/mcu/drivers/hardware_drivers/button/src/sl_si91x_button.o
LOAD ./wiseconnect3_sdk_3.4.2/components/device/silabs/si91x/mcu/drivers/hardware_drivers/icm40627/src/sl_si91x_icm40627.o
LOAD ./wiseconnect3_sdk_3.4.2/components/device/silabs/si91x/mcu/drivers/hardware_drivers/si70xx_sensor/src/sl_si91x_si70xx.o
LOAD ./wiseconnect3_sdk_3.4.2/components/device/silabs/si91x/mcu/drivers/hardware_drivers/veml6035/src/sl_si91x_veml6035.o
LOAD ./wiseconnect3_sdk_3.4.2/components/device/silabs/si91x/mcu/drivers/peripheral_drivers/src/aux_reference_volt_config.o
LOAD ./wiseconnect3_sdk_3.4.2/components/device/silabs/si91x/mcu/drivers/peripheral_drivers/src/clock_update.o
LOAD ./wiseconnect3_sdk_3.4.2/components/device/silabs/si91x/mcu/drivers/peripheral_drivers/src/rsi_adc.o
LOAD ./wiseconnect3_sdk_3.4.2/components/device/silabs/si91x/mcu/drivers/peripheral_drivers/src/rsi_crc.o
LOAD ./wiseconnect3_sdk_3.4.2/components/device/silabs/si91x/mcu/drivers/peripheral_drivers/src/rsi_dac.o
LOAD ./wiseconnect3_sdk_3.4.2/components/device/silabs/si91x/mcu/drivers/peripheral_drivers/src/rsi_egpio.o
LOAD ./wiseconnect3_sdk_3.4.2/components/device/silabs/si91x/mcu/drivers/peripheral_drivers/src/rsi_opamp.o
LOAD ./wiseconnect3_sdk_3.4.2/components/device/silabs/si91x/mcu/drivers/peripheral_drivers/src/rsi_spi.o
LOAD ./wiseconnect3_sdk_3.4.2/components/device/silabs/si91x/mcu/drivers/peripheral_drivers/src/rsi_sysrtc.o
LOAD ./wiseconnect3_sdk_3.4.2/components/device/silabs/si91x/mcu/drivers/peripheral_drivers/src/rsi_udma.o
LOAD ./wiseconnect3_sdk_3.4.2/components/device/silabs/si91x/mcu/drivers/peripheral_drivers/src/rsi_udma_wrapper.o
LOAD ./wiseconnect3_sdk_3.4.2/components/device/silabs/si91x/mcu/drivers/peripheral_drivers/src/rsi_usart.o
LOAD ./wiseconnect3_sdk_3.4.2/components/device/silabs/si91x/mcu/drivers/rom_driver/src/rsi_rom_table_si91x.o
LOAD ./wiseconnect3_sdk_3.4.2/components/device/silabs/si91x/mcu/drivers/service/clock_manager/src/sl_si91x_clock_manager.o
LOAD ./wiseconnect3_sdk_3.4.2/components/device/silabs/si91x/mcu/drivers/service/sleeptimer/src/sl_sleeptimer_hal_si91x_sysrtc.o
LOAD ./wiseconnect3_sdk_3.4.2/components/device/silabs/si91x/mcu/drivers/systemlevel/src/rsi_bod.o
LOAD ./wiseconnect3_sdk_3.4.2/components/device/silabs/si91x/mcu/drivers/systemlevel/src/rsi_ipmu.o
LOAD ./wiseconnect3_sdk_3.4.2/components/device/silabs/si91x/mcu/drivers/systemlevel/src/rsi_pll.o
LOAD ./wiseconnect3_sdk_3.4.2/components/device/silabs/si91x/mcu/drivers/systemlevel/src/rsi_rtc.o
LOAD ./wiseconnect3_sdk_3.4.2/components/device/silabs/si91x/mcu/drivers/systemlevel/src/rsi_temp_sensor.o
LOAD ./wiseconnect3_sdk_3.4.2/components/device/silabs/si91x/mcu/drivers/systemlevel/src/rsi_time_period.o
LOAD ./wiseconnect3_sdk_3.4.2/components/device/silabs/si91x/mcu/drivers/systemlevel/src/rsi_ulpss_clk.o
LOAD ./wiseconnect3_sdk_3.4.2/components/device/silabs/si91x/mcu/drivers/unified_api/src/sl_si91x_adc.o
LOAD ./wiseconnect3_sdk_3.4.2/components/device/silabs/si91x/mcu/drivers/unified_api/src/sl_si91x_bjt_temperature_sensor.o
LOAD ./wiseconnect3_sdk_3.4.2/components/device/silabs/si91x/mcu/drivers/unified_api/src/sl_si91x_dma.o
LOAD ./wiseconnect3_sdk_3.4.2/components/device/silabs/si91x/mcu/drivers/unified_api/src/sl_si91x_driver_gpio.o
LOAD ./wiseconnect3_sdk_3.4.2/components/device/silabs/si91x/mcu/drivers/unified_api/src/sl_si91x_i2c.o
LOAD ./wiseconnect3_sdk_3.4.2/components/device/silabs/si91x/mcu/drivers/unified_api/src/sl_si91x_ssi.o
LOAD ./wiseconnect3_sdk_3.4.2/components/device/silabs/si91x/mcu/drivers/unified_peripheral_drivers/src/sl_si91x_peripheral_gpio.o
LOAD ./wiseconnect3_sdk_3.4.2/components/device/silabs/si91x/mcu/drivers/unified_peripheral_drivers/src/sl_si91x_peripheral_i2c.o
LOAD ./wiseconnect3_sdk_3.4.2/components/device/silabs/si91x/wireless/ahb_interface/src/rsi_hal_mcu_m4_ram.o
LOAD ./wiseconnect3_sdk_3.4.2/components/device/silabs/si91x/wireless/ahb_interface/src/rsi_hal_mcu_m4_rom.o
LOAD ./wiseconnect3_sdk_3.4.2/components/device/silabs/si91x/wireless/ahb_interface/src/sl_platform.o
LOAD ./wiseconnect3_sdk_3.4.2/components/device/silabs/si91x/wireless/ahb_interface/src/sl_platform_wireless.o
LOAD ./wiseconnect3_sdk_3.4.2/components/device/silabs/si91x/wireless/ahb_interface/src/sl_si91x_bus.o
LOAD ./wiseconnect3_sdk_3.4.2/components/device/silabs/si91x/wireless/ahb_interface/src/sl_si91x_timer.o
LOAD ./wiseconnect3_sdk_3.4.2/components/device/silabs/si91x/wireless/ahb_interface/src/sli_siwx917_soc.o
LOAD ./wiseconnect3_sdk_3.4.2/components/device/silabs/si91x/wireless/asynchronous_socket/src/sl_si91x_socket.o
LOAD ./wiseconnect3_sdk_3.4.2/components/device/silabs/si91x/wireless/errno/src/sl_si91x_errno.o
LOAD ./wiseconnect3_sdk_3.4.2/components/device/silabs/si91x/wireless/firmware_upgrade/firmware_upgradation.o
LOAD ./wiseconnect3_sdk_3.4.2/components/device/silabs/si91x/wireless/host_mcu/si91x/siwx917_soc_ncp_host.o
LOAD ./wiseconnect3_sdk_3.4.2/components/device/silabs/si91x/wireless/icmp/sl_net_ping.o
LOAD ./wiseconnect3_sdk_3.4.2/components/device/silabs/si91x/wireless/memory/mem_pool_buffer_quota.o
LOAD ./wiseconnect3_sdk_3.4.2/components/device/silabs/si91x/wireless/sl_net/src/sl_net_rsi_utility.o
LOAD ./wiseconnect3_sdk_3.4.2/components/device/silabs/si91x/wireless/sl_net/src/sl_net_si91x_callback_framework.o
LOAD ./wiseconnect3_sdk_3.4.2/components/device/silabs/si91x/wireless/sl_net/src/sl_net_si91x_integration_handler.o
LOAD ./wiseconnect3_sdk_3.4.2/components/device/silabs/si91x/wireless/sl_net/src/sl_si91x_net_credentials.o
LOAD ./wiseconnect3_sdk_3.4.2/components/device/silabs/si91x/wireless/sl_net/src/sl_si91x_net_internal_stack.o
LOAD ./wiseconnect3_sdk_3.4.2/components/device/silabs/si91x/wireless/socket/src/sl_si91x_socket_utility.o
LOAD ./wiseconnect3_sdk_3.4.2/components/device/silabs/si91x/wireless/src/sl_rsi_utility.o
LOAD ./wiseconnect3_sdk_3.4.2/components/device/silabs/si91x/wireless/src/sl_si91x_driver.o
LOAD ./wiseconnect3_sdk_3.4.2/components/device/silabs/si91x/wireless/src/sl_si91x_http_client_callback_framework.o
LOAD ./wiseconnect3_sdk_3.4.2/components/device/silabs/si91x/wireless/threading/sli_si91x_multithreaded.o
LOAD ./wiseconnect3_sdk_3.4.2/components/protocol/wifi/si91x/sl_wifi.o
LOAD ./wiseconnect3_sdk_3.4.2/components/protocol/wifi/src/sl_wifi_basic_credentials.o
LOAD ./wiseconnect3_sdk_3.4.2/components/protocol/wifi/src/sl_wifi_callback_framework.o
LOAD ./wiseconnect3_sdk_3.4.2/components/service/bsd_socket/si91x_socket/sl_si91x_bsd_socket.o
LOAD ./wiseconnect3_sdk_3.4.2/components/service/http_client/si91x_socket/sl_http_client.o
LOAD ./wiseconnect3_sdk_3.4.2/components/service/network_manager/si91x/sl_net_si91x.o
LOAD ./wiseconnect3_sdk_3.4.2/components/service/network_manager/src/sl_net.o
LOAD ./wiseconnect3_sdk_3.4.2/components/service/network_manager/src/sl_net_basic_certificate_store.o
LOAD ./wiseconnect3_sdk_3.4.2/components/service/network_manager/src/sl_net_basic_profiles.o
LOAD ./wiseconnect3_sdk_3.4.2/components/service/network_manager/src/sl_net_credentials.o
LOAD ./wiseconnect3_sdk_3.4.2/components/service/sl_http_server/src/sl_http_server.o
LOAD c:/siliconlabs/simplicitystudio/v5/developer/toolchains/gnu_arm/12.2.rel1_2023.7/bin/../lib/gcc/arm-none-eabi/12.2.1/thumb/v7e-m+fp/softfp\libgcc.a
LOAD c:/siliconlabs/simplicitystudio/v5/developer/toolchains/gnu_arm/12.2.rel1_2023.7/bin/../lib/gcc/arm-none-eabi/12.2.1/thumb/v7e-m+fp/softfp\libnosys.a
LOAD c:/siliconlabs/simplicitystudio/v5/developer/toolchains/gnu_arm/12.2.rel1_2023.7/bin/../lib/gcc/arm-none-eabi/12.2.1/thumb/v7e-m+fp/softfp\libc_nano.a
LOAD c:/siliconlabs/simplicitystudio/v5/developer/toolchains/gnu_arm/12.2.rel1_2023.7/bin/../lib/gcc/arm-none-eabi/12.2.1/thumb/v7e-m+fp/softfp\libm.a
END GROUP
START GROUP
LOAD c:/siliconlabs/simplicitystudio/v5/developer/toolchains/gnu_arm/12.2.rel1_2023.7/bin/../lib/gcc/arm-none-eabi/12.2.1/thumb/v7e-m+fp/softfp\libgcc.a
LOAD c:/siliconlabs/simplicitystudio/v5/developer/toolchains/gnu_arm/12.2.rel1_2023.7/bin/../lib/gcc/arm-none-eabi/12.2.1/thumb/v7e-m+fp/softfp\libc_nano.a
LOAD c:/siliconlabs/simplicitystudio/v5/developer/toolchains/gnu_arm/12.2.rel1_2023.7/bin/../lib/gcc/arm-none-eabi/12.2.1/thumb/v7e-m+fp/softfp\libnosys.a
END GROUP
START GROUP
LOAD c:/siliconlabs/simplicitystudio/v5/developer/toolchains/gnu_arm/12.2.rel1_2023.7/bin/../lib/gcc/arm-none-eabi/12.2.1/thumb/v7e-m+fp/softfp\libgcc.a
LOAD c:/siliconlabs/simplicitystudio/v5/developer/toolchains/gnu_arm/12.2.rel1_2023.7/bin/../lib/gcc/arm-none-eabi/12.2.1/thumb/v7e-m+fp/softfp\libg_nano.a
LOAD c:/siliconlabs/simplicitystudio/v5/developer/toolchains/gnu_arm/12.2.rel1_2023.7/bin/../lib/gcc/arm-none-eabi/12.2.1/thumb/v7e-m+fp/softfp\libc_nano.a
END GROUP
START GROUP
LOAD c:/siliconlabs/simplicitystudio/v5/developer/toolchains/gnu_arm/12.2.rel1_2023.7/bin/../lib/gcc/arm-none-eabi/12.2.1/thumb/v7e-m+fp/softfp\libgcc.a
LOAD c:/siliconlabs/simplicitystudio/v5/developer/toolchains/gnu_arm/12.2.rel1_2023.7/bin/../lib/gcc/arm-none-eabi/12.2.1/thumb/v7e-m+fp/softfp\libc_nano.a
END GROUP
LOAD c:/siliconlabs/simplicitystudio/v5/developer/toolchains/gnu_arm/12.2.rel1_2023.7/bin/../lib/gcc/arm-none-eabi/12.2.1/thumb/v7e-m+fp/softfp/crtend.o
LOAD c:/siliconlabs/simplicitystudio/v5/developer/toolchains/gnu_arm/12.2.rel1_2023.7/bin/../lib/gcc/arm-none-eabi/12.2.1/thumb/v7e-m+fp/softfp/crtn.o

.text           0x08202000    0x14971
 *(.isr_vector)
 .isr_vector    0x08202000      0x16c ./wiseconnect3_sdk_3.4.2/components/device/silabs/si91x/mcu/core/chip/src/startup_si91x.o
                0x08202000                __Vectors
                0x08202180                . = ALIGN (0x20)
 *fill*         0x0820216c       0x14 
 *(.reset_handler)
 .reset_handler
                0x08202180       0x30 ./wiseconnect3_sdk_3.4.2/components/device/silabs/si91x/mcu/core/chip/src/startup_si91x.o
                0x08202180                RSI_Default_Reset_Handler
 *(EXCLUDE_FILE(*heap_*.o *port.o *sl_rsi_utility.o *malloc_buffers.o *freertos_umm_malloc_host.o *cmsis_os2.o *timers.o *tasks.o *stream_buffer.o *queue.o *list.o *event_groups.o *croutine.o *sl_si91x_low_power_tickless_mode.o *rsi_sysrtc.o *sl_sleeptimer_hal_si91x_sysrtc.o *sl_sleeptimer.o *UDMA.o *rsi_hal_mcu_m4_rom.o *rsi_hal_mcu_m4_ram.o *rsi_deepsleep_soc.o *sli_si91x_multithreaded.o *sl_si91x_driver.o *sl_si91x_bus.o) .text*)
 .text.deregister_tm_clones
                0x082021b0       0x1c c:/siliconlabs/simplicitystudio/v5/developer/toolchains/gnu_arm/12.2.rel1_2023.7/bin/../lib/gcc/arm-none-eabi/12.2.1/thumb/v7e-m+fp/softfp/crtbegin.o
 .text.register_tm_clones
                0x082021cc       0x24 c:/siliconlabs/simplicitystudio/v5/developer/toolchains/gnu_arm/12.2.rel1_2023.7/bin/../lib/gcc/arm-none-eabi/12.2.1/thumb/v7e-m+fp/softfp/crtbegin.o
 .text.__do_global_dtors_aux
                0x082021f0       0x28 c:/siliconlabs/simplicitystudio/v5/developer/toolchains/gnu_arm/12.2.rel1_2023.7/bin/../lib/gcc/arm-none-eabi/12.2.1/thumb/v7e-m+fp/softfp/crtbegin.o
 .text.frame_dummy
                0x08202218       0x24 c:/siliconlabs/simplicitystudio/v5/developer/toolchains/gnu_arm/12.2.rel1_2023.7/bin/../lib/gcc/arm-none-eabi/12.2.1/thumb/v7e-m+fp/softfp/crtbegin.o
 .text.icm_thread_func
                0x0820223c       0x14 ./app.o
 .text.http_sensor_callback
                0x08202250       0xc8 ./app.o
 .text.http_index_callback
                0x08202318       0x38 ./app.o
 .text.wifi_thread_func.part.0
                0x08202350       0xa8 ./app.o
 .text.wifi_thread_func
                0x082023f8       0x4c ./app.o
 .text.app_init
                0x08202444       0x2c ./app.o
                0x08202444                app_init
 .text.ssi_master_callback_event_handler
                0x08202470        0x2 ./gyrofile.o
 *fill*         0x08202472        0x2 
 .text.icm40627_example_init
                0x08202474      0x164 ./gyrofile.o
                0x08202474                icm40627_example_init
 .text.icm40627_example_get_accel
                0x082025d8       0x10 ./gyrofile.o
                0x082025d8                icm40627_example_get_accel
 .text.icm40627_example_get_gyro
                0x082025e8       0x10 ./gyrofile.o
                0x082025e8                icm40627_example_get_gyro
 .text.icm40627_example_get_temperature
                0x082025f8       0x10 ./gyrofile.o
                0x082025f8                icm40627_example_get_temperature
 .text.icm40627_example_process_action
                0x08202608       0xbc ./gyrofile.o
                0x08202608                icm40627_example_process_action
 .text.startup.main
                0x082026c4       0x12 ./main.o
                0x082026c4                main
 .text.sl_platform_init
                0x082026d6       0x22 ./autogen/sl_event_handler.o
                0x082026d6                sl_platform_init
 .text.sl_kernel_start
                0x082026f8        0x4 ./autogen/sl_event_handler.o
                0x082026f8                sl_kernel_start
 .text.sl_driver_init
                0x082026fc        0xe ./autogen/sl_event_handler.o
                0x082026fc                sl_driver_init
 .text.sl_service_init
                0x0820270a        0x4 ./autogen/sl_event_handler.o
                0x0820270a                sl_service_init
 .text.sl_stack_init
                0x0820270e        0x2 ./autogen/sl_event_handler.o
                0x0820270e                sl_stack_init
 .text.sl_internal_app_init
                0x08202710        0x2 ./autogen/sl_event_handler.o
                0x08202710                sl_internal_app_init
 *fill*         0x08202712        0x2 
 .text.sl_i2c_init_instances
                0x08202714        0xc ./autogen/sl_i2c_init.o
                0x08202714                sl_i2c_init_instances
 .text.button_init_instances
                0x08202720       0x1c ./autogen/sl_si91x_button_instances.o
                0x08202720                button_init_instances
 .text.CORE_EnterCritical
                0x0820273c        0x8 ./simplicity_sdk_2024.12.2/platform/common/src/sl_core_cortexm.o
                0x0820273c                CORE_EnterCritical
 .text.CORE_ExitCritical
                0x08202744        0xa ./simplicity_sdk_2024.12.2/platform/common/src/sl_core_cortexm.o
                0x08202744                CORE_ExitCritical
 .text.CORE_EnterAtomic
                0x0820274e        0xc ./simplicity_sdk_2024.12.2/platform/common/src/sl_core_cortexm.o
                0x0820274e                CORE_EnterAtomic
 .text.CORE_ExitAtomic
                0x0820275a        0xa ./simplicity_sdk_2024.12.2/platform/common/src/sl_core_cortexm.o
                0x0820275a                CORE_ExitAtomic
 .text.sli_osTaskRegisterNew
                0x08202764       0x1c ./simplicity_sdk_2024.12.2/platform/common/src/sli_cmsis_os2_ext_task_register.o
                0x08202764                sli_osTaskRegisterNew
 .text.sli_osTaskRegisterSetValue
                0x08202780        0xa ./simplicity_sdk_2024.12.2/platform/common/src/sli_cmsis_os2_ext_task_register.o
                0x08202780                sli_osTaskRegisterSetValue
 .text.sli_mem_pool_create
                0x0820278a       0x3c ./simplicity_sdk_2024.12.2/platform/service/mem_pool/src/sl_mem_pool.o
                0x0820278a                sli_mem_pool_create
 .text.sli_mem_pool_alloc
                0x082027c6       0x24 ./simplicity_sdk_2024.12.2/platform/service/mem_pool/src/sl_mem_pool.o
                0x082027c6                sli_mem_pool_alloc
 .text.sli_mem_pool_free
                0x082027ea       0x18 ./simplicity_sdk_2024.12.2/platform/service/mem_pool/src/sl_mem_pool.o
                0x082027ea                sli_mem_pool_free
 .text.sl_system_init
                0x08202802       0x1a ./simplicity_sdk_2024.12.2/platform/service/system/src/sl_system_init.o
                0x08202802                sl_system_init
 .text.sl_system_kernel_start
                0x0820281c        0x4 ./simplicity_sdk_2024.12.2/platform/service/system/src/sl_system_kernel.o
                0x0820281c                sl_system_kernel_start
 .text.RSI_Board_Init
                0x08202820       0x5c ./wiseconnect3_sdk_3.4.2/components/board/silabs/src/rsi_board.o
                0x08202820                RSI_Board_Init
 .text.sl_redirect_log
                0x0820287c        0x6 ./wiseconnect3_sdk_3.4.2/components/common/src/sl_utility.o
                0x0820287c                sl_redirect_log
 *fill*         0x08202882        0x2 
 .text.init_ipmu_calib_data
                0x08202884       0x54 ./wiseconnect3_sdk_3.4.2/components/device/silabs/si91x/mcu/core/chip/src/iPMU_prog/iPMU_dotc/ipmu_apis.o
                0x08202884                init_ipmu_calib_data
 .text.program_ipmu_data
                0x082028d8       0x54 ./wiseconnect3_sdk_3.4.2/components/device/silabs/si91x/mcu/core/chip/src/iPMU_prog/iPMU_dotc/ipmu_apis.o
                0x082028d8                program_ipmu_data
 .text.ipmu_init_mcu
                0x0820292c       0x94 ./wiseconnect3_sdk_3.4.2/components/device/silabs/si91x/mcu/core/chip/src/iPMU_prog/iPMU_dotc/ipmu_apis.o
                0x0820292c                ipmu_init_mcu
 .text.ipmu_init
                0x082029c0       0xa8 ./wiseconnect3_sdk_3.4.2/components/device/silabs/si91x/mcu/core/chip/src/iPMU_prog/iPMU_dotc/ipmu_apis.o
                0x082029c0                ipmu_init
 .text.configure_ipmu_mode
                0x08202a68       0x38 ./wiseconnect3_sdk_3.4.2/components/device/silabs/si91x/mcu/core/chip/src/iPMU_prog/iPMU_dotc/ipmu_apis.o
                0x08202a68                configure_ipmu_mode
 .text.Default_Handler
                0x08202aa0        0x2 ./wiseconnect3_sdk_3.4.2/components/device/silabs/si91x/mcu/core/chip/src/startup_si91x.o
                0x08202aa0                DebugMon_Handler
                0x08202aa0                IRQ031_Handler
                0x08202aa0                HardFault_Handler
                0x08202aa0                IRQ095_Handler
                0x08202aa0                IRQ065_Handler
                0x08202aa0                IRQ093_Handler
                0x08202aa0                NMI_Handler
                0x08202aa0                IRQ014_Handler
                0x08202aa0                IRQ027_Handler
                0x08202aa0                IRQ062_Handler
                0x08202aa0                IRQ097_Handler
                0x08202aa0                IRQ088_Handler
                0x08202aa0                IRQ034_Handler
                0x08202aa0                IRQ071_Handler
                0x08202aa0                IRQ067_Handler
                0x08202aa0                IRQ070_Handler
                0x08202aa0                IRQ077_Handler
                0x08202aa0                IRQ028_Handler
                0x08202aa0                IRQ063_Handler
                0x08202aa0                IRQ076_Handler
                0x08202aa0                UsageFault_Handler
                0x08202aa0                IRQ023_Handler
                0x08202aa0                IRQ009_Handler
                0x08202aa0                IRQ048_Handler
                0x08202aa0                IRQ083_Handler
                0x08202aa0                IRQ089_Handler
                0x08202aa0                HIF1_IRQHandler
                0x08202aa0                IRQ037_Handler
                0x08202aa0                IRQ072_Handler
                0x08202aa0                IRQ008_Handler
                0x08202aa0                IRQ082_Handler
                0x08202aa0                IRQ007_Handler
                0x08202aa0                IRQ046_Handler
                0x08202aa0                IRQ081_Handler
                0x08202aa0                IRQ004_Handler
                0x08202aa0                IRQ043_Handler
                0x08202aa0                IRQ002_Handler
                0x08202aa0                IRQ041_Handler
                0x08202aa0                IRQ098_Handler
                0x08202aa0                IRQ000_Handler
                0x08202aa0                IRQ005_Handler
                0x08202aa0                IRQ049_Handler
                0x08202aa0                IRQ084_Handler
                0x08202aa0                IRQ006_Handler
                0x08202aa0                IRQ045_Handler
                0x08202aa0                IRQ080_Handler
                0x08202aa0                IRQ015_Handler
                0x08202aa0                MemManage_Handler
                0x08202aa0                HIF2_IRQHandler
                0x08202aa0                IRQ001_Handler
                0x08202aa0                IRQ040_Handler
                0x08202aa0                IRQ068_Handler
                0x08202aa0                IRQ096_Handler
                0x08202aa0                IRQ003_Handler
                0x08202aa0                IRQ024_Handler
                0x08202aa0                IRQ090_Handler
                0x08202aa0                IRQ078_Handler
                0x08202aa0                IRQ032_Handler
                0x08202aa0                IRQ020_Handler
                0x08202aa0                IRQ073_Handler
                0x08202aa0                IRQ092_Handler
                0x08202aa0                IRQ087_Handler
                0x08202aa0                IRQ026_Handler
                0x08202aa0                IRQ025_Handler
                0x08202aa0                IRQ060_Handler
                0x08202aa0                IRQ085_Handler
                0x08202aa0                IRQ030_Handler
                0x08202aa0                IRQ029_Handler
                0x08202aa0                IRQ064_Handler
                0x08202aa0                IRQ066_Handler
                0x08202aa0                IRQ017_Handler
                0x08202aa0                IRQ091_Handler
                0x08202aa0                BusFault_Handler
                0x08202aa0                IRQ069_Handler
                0x08202aa0                IRQ075_Handler
                0x08202aa0                IRQ086_Handler
                0x08202aa0                IRQ094_Handler
                0x08202aa0                IRQ079_Handler
 .text.Default_Reset_Handler
                0x08202aa2        0x2 ./wiseconnect3_sdk_3.4.2/components/device/silabs/si91x/mcu/core/chip/src/startup_si91x.o
                0x08202aa2                Default_Reset_Handler
                0x08202aa2                Reset_Handler
 .text.Copy_Table
                0x08202aa4       0x24 ./wiseconnect3_sdk_3.4.2/components/device/silabs/si91x/mcu/core/chip/src/startup_si91x.o
                0x08202aa4                Copy_Table
 .text.Zero_Table
                0x08202ac8       0x24 ./wiseconnect3_sdk_3.4.2/components/device/silabs/si91x/mcu/core/chip/src/startup_si91x.o
                0x08202ac8                Zero_Table
 .text.SystemCoreClockUpdate
                0x08202aec      0x118 ./wiseconnect3_sdk_3.4.2/components/device/silabs/si91x/mcu/core/chip/src/system_si91x.o
                0x08202aec                SystemCoreClockUpdate
 .text.fpuInit  0x08202c04       0x44 ./wiseconnect3_sdk_3.4.2/components/device/silabs/si91x/mcu/core/chip/src/system_si91x.o
                0x08202c04                fpuInit
 .text.SystemInit
                0x08202c48       0xe4 ./wiseconnect3_sdk_3.4.2/components/device/silabs/si91x/mcu/core/chip/src/system_si91x.o
                0x08202c48                SystemInit
 .text.ARM_UART_SignalEvent
                0x08202d2c       0x24 ./wiseconnect3_sdk_3.4.2/components/device/silabs/si91x/mcu/core/common/src/rsi_debug.o
                0x08202d2c                ARM_UART_SignalEvent
 .text.Board_Debug_Init
                0x08202d50       0x5c ./wiseconnect3_sdk_3.4.2/components/device/silabs/si91x/mcu/core/common/src/rsi_debug.o
                0x08202d50                Board_Debug_Init
 .text.Board_UARTGetChar
                0x08202dac       0x30 ./wiseconnect3_sdk_3.4.2/components/device/silabs/si91x/mcu/core/common/src/rsi_debug.o
                0x08202dac                Board_UARTGetChar
 .text.Board_UARTPutChar
                0x08202ddc       0x30 ./wiseconnect3_sdk_3.4.2/components/device/silabs/si91x/mcu/core/common/src/rsi_debug.o
                0x08202ddc                Board_UARTPutChar
 .text.read_exclude_space
                0x08202e0c       0x20 ./wiseconnect3_sdk_3.4.2/components/device/silabs/si91x/mcu/core/common/src/syscalls.o
 .text._getpid  0x08202e2c        0x4 ./wiseconnect3_sdk_3.4.2/components/device/silabs/si91x/mcu/core/common/src/syscalls.o
                0x08202e2c                _getpid
 .text._kill    0x08202e30       0x10 ./wiseconnect3_sdk_3.4.2/components/device/silabs/si91x/mcu/core/common/src/syscalls.o
                0x08202e30                _kill
 .text._exit    0x08202e40        0xc ./wiseconnect3_sdk_3.4.2/components/device/silabs/si91x/mcu/core/common/src/syscalls.o
                0x08202e40                _exit
 .text._write   0x08202e4c       0x44 ./wiseconnect3_sdk_3.4.2/components/device/silabs/si91x/mcu/core/common/src/syscalls.o
                0x08202e4c                _write
 .text._close   0x08202e90        0x6 ./wiseconnect3_sdk_3.4.2/components/device/silabs/si91x/mcu/core/common/src/syscalls.o
                0x08202e90                _close
 .text._fstat   0x08202e96        0xa ./wiseconnect3_sdk_3.4.2/components/device/silabs/si91x/mcu/core/common/src/syscalls.o
                0x08202e96                _fstat
 .text._isatty  0x08202ea0        0x4 ./wiseconnect3_sdk_3.4.2/components/device/silabs/si91x/mcu/core/common/src/syscalls.o
                0x08202ea0                _isatty
 .text._lseek   0x08202ea4        0x4 ./wiseconnect3_sdk_3.4.2/components/device/silabs/si91x/mcu/core/common/src/syscalls.o
                0x08202ea4                _lseek
 .text._read    0x08202ea8      0x30c ./wiseconnect3_sdk_3.4.2/components/device/silabs/si91x/mcu/core/common/src/syscalls.o
                0x08202ea8                _read
 .text.sl_si91x_device_init_nvic
                0x082031b4       0x18 ./wiseconnect3_sdk_3.4.2/components/device/silabs/si91x/mcu/core/config/src/rsi_nvic_priorities_config.o
                0x082031b4                sl_si91x_device_init_nvic
 .text.SPI_GetVersion
                0x082031cc       0x20 ./wiseconnect3_sdk_3.4.2/components/device/silabs/si91x/mcu/drivers/cmsis_driver/SPI.o
                0x082031cc                SPI_GetVersion
 .text.SPI_GetCapabilities
                0x082031ec        0x4 ./wiseconnect3_sdk_3.4.2/components/device/silabs/si91x/mcu/drivers/cmsis_driver/SPI.o
                0x082031ec                SPI_GetCapabilities
 .text.SSI_MASTER_GetStatus
                0x082031f0        0xc ./wiseconnect3_sdk_3.4.2/components/device/silabs/si91x/mcu/drivers/cmsis_driver/SPI.o
 .text.SSI_SLAVE_GetStatus
                0x082031fc        0xc ./wiseconnect3_sdk_3.4.2/components/device/silabs/si91x/mcu/drivers/cmsis_driver/SPI.o
 .text.SSI_ULP_MASTER_GetStatus
                0x08203208        0xc ./wiseconnect3_sdk_3.4.2/components/device/silabs/si91x/mcu/drivers/cmsis_driver/SPI.o
 .text.SSI_SLAVE_Control
                0x08203214       0x18 ./wiseconnect3_sdk_3.4.2/components/device/silabs/si91x/mcu/drivers/cmsis_driver/SPI.o
 .text.SSI_MASTER_Control
                0x0820322c       0x3c ./wiseconnect3_sdk_3.4.2/components/device/silabs/si91x/mcu/drivers/cmsis_driver/SPI.o
 .text.SSI_ULP_MASTER_Control
                0x08203268       0x3c ./wiseconnect3_sdk_3.4.2/components/device/silabs/si91x/mcu/drivers/cmsis_driver/SPI.o
 .text.SSI_MASTER_GetDataCount
                0x082032a4        0xc ./wiseconnect3_sdk_3.4.2/components/device/silabs/si91x/mcu/drivers/cmsis_driver/SPI.o
 .text.SSI_SLAVE_GetDataCount
                0x082032b0        0xc ./wiseconnect3_sdk_3.4.2/components/device/silabs/si91x/mcu/drivers/cmsis_driver/SPI.o
 .text.SSI_ULP_MASTER_GetDataCount
                0x082032bc        0xc ./wiseconnect3_sdk_3.4.2/components/device/silabs/si91x/mcu/drivers/cmsis_driver/SPI.o
 .text.SSI_MASTER_Transfer
                0x082032c8       0x2c ./wiseconnect3_sdk_3.4.2/components/device/silabs/si91x/mcu/drivers/cmsis_driver/SPI.o
 .text.SSI_SLAVE_Transfer
                0x082032f4       0x2c ./wiseconnect3_sdk_3.4.2/components/device/silabs/si91x/mcu/drivers/cmsis_driver/SPI.o
 .text.SSI_ULP_MASTER_Transfer
                0x08203320       0x2c ./wiseconnect3_sdk_3.4.2/components/device/silabs/si91x/mcu/drivers/cmsis_driver/SPI.o
 .text.SSI_MASTER_Receive
                0x0820334c       0x2c ./wiseconnect3_sdk_3.4.2/components/device/silabs/si91x/mcu/drivers/cmsis_driver/SPI.o
 .text.SSI_SLAVE_Receive
                0x08203378       0x2c ./wiseconnect3_sdk_3.4.2/components/device/silabs/si91x/mcu/drivers/cmsis_driver/SPI.o
 .text.SSI_ULP_MASTER_Receive
                0x082033a4       0x2c ./wiseconnect3_sdk_3.4.2/components/device/silabs/si91x/mcu/drivers/cmsis_driver/SPI.o
 .text.SSI_MASTER_Send
                0x082033d0       0x2c ./wiseconnect3_sdk_3.4.2/components/device/silabs/si91x/mcu/drivers/cmsis_driver/SPI.o
 .text.SSI_SLAVE_Send
                0x082033fc       0x2c ./wiseconnect3_sdk_3.4.2/components/device/silabs/si91x/mcu/drivers/cmsis_driver/SPI.o
 .text.SSI_ULP_MASTER_Send
                0x08203428       0x2c ./wiseconnect3_sdk_3.4.2/components/device/silabs/si91x/mcu/drivers/cmsis_driver/SPI.o
 .text.SSI_MASTER_PowerControl
                0x08203454        0xc ./wiseconnect3_sdk_3.4.2/components/device/silabs/si91x/mcu/drivers/cmsis_driver/SPI.o
 .text.SSI_SLAVE_PowerControl
                0x08203460        0xc ./wiseconnect3_sdk_3.4.2/components/device/silabs/si91x/mcu/drivers/cmsis_driver/SPI.o
 .text.SSI_ULP_MASTER_PowerControl
                0x0820346c        0xc ./wiseconnect3_sdk_3.4.2/components/device/silabs/si91x/mcu/drivers/cmsis_driver/SPI.o
 .text.SSI_MASTER_Uninitialize
                0x08203478       0x10 ./wiseconnect3_sdk_3.4.2/components/device/silabs/si91x/mcu/drivers/cmsis_driver/SPI.o
 .text.SSI_SLAVE_Uninitialize
                0x08203488       0x10 ./wiseconnect3_sdk_3.4.2/components/device/silabs/si91x/mcu/drivers/cmsis_driver/SPI.o
 .text.SSI_ULP_MASTER_Uninitialize
                0x08203498       0x1c ./wiseconnect3_sdk_3.4.2/components/device/silabs/si91x/mcu/drivers/cmsis_driver/SPI.o
 .text.SSI_MASTER_Initialize
                0x082034b4       0x38 ./wiseconnect3_sdk_3.4.2/components/device/silabs/si91x/mcu/drivers/cmsis_driver/SPI.o
 .text.SSI_SLAVE_Initialize
                0x082034ec       0x38 ./wiseconnect3_sdk_3.4.2/components/device/silabs/si91x/mcu/drivers/cmsis_driver/SPI.o
 .text.SSI_ULP_MASTER_Initialize
                0x08203524       0x3c ./wiseconnect3_sdk_3.4.2/components/device/silabs/si91x/mcu/drivers/cmsis_driver/SPI.o
 .text.SSI_ULP_MASTER_UDMA_Tx_Event
                0x08203560        0xc ./wiseconnect3_sdk_3.4.2/components/device/silabs/si91x/mcu/drivers/cmsis_driver/SPI.o
                0x08203560                SSI_ULP_MASTER_UDMA_Tx_Event
 .text.SSI_ULP_MASTER_UDMA_Rx_Event
                0x0820356c        0xc ./wiseconnect3_sdk_3.4.2/components/device/silabs/si91x/mcu/drivers/cmsis_driver/SPI.o
                0x0820356c                SSI_ULP_MASTER_UDMA_Rx_Event
 .text.RSI_SPI_SetSlaveSelectNumber
                0x08203578        0xc ./wiseconnect3_sdk_3.4.2/components/device/silabs/si91x/mcu/drivers/cmsis_driver/SPI.o
                0x08203578                RSI_SPI_SetSlaveSelectNumber
 .text.IRQ047_Handler
                0x08203584        0xc ./wiseconnect3_sdk_3.4.2/components/device/silabs/si91x/mcu/drivers/cmsis_driver/SPI.o
                0x08203584                IRQ047_Handler
 .text.IRQ044_Handler
                0x08203590        0xc ./wiseconnect3_sdk_3.4.2/components/device/silabs/si91x/mcu/drivers/cmsis_driver/SPI.o
                0x08203590                IRQ044_Handler
 .text.IRQ016_Handler
                0x0820359c        0xc ./wiseconnect3_sdk_3.4.2/components/device/silabs/si91x/mcu/drivers/cmsis_driver/SPI.o
                0x0820359c                IRQ016_Handler
 .text.SSI_SetRxSamplingDelay
                0x082035a8       0x38 ./wiseconnect3_sdk_3.4.2/components/device/silabs/si91x/mcu/drivers/cmsis_driver/SPI.o
                0x082035a8                SSI_SetRxSamplingDelay
 .text.SSI_SetFifoThreshold
                0x082035e0       0x1c ./wiseconnect3_sdk_3.4.2/components/device/silabs/si91x/mcu/drivers/cmsis_driver/SPI.o
                0x082035e0                SSI_SetFifoThreshold
 .text.SSI_GetInitState
                0x082035fc       0x30 ./wiseconnect3_sdk_3.4.2/components/device/silabs/si91x/mcu/drivers/cmsis_driver/SPI.o
                0x082035fc                SSI_GetInitState
 .text.ssi_transfer_complete_callback
                0x0820362c       0x18 ./wiseconnect3_sdk_3.4.2/components/device/silabs/si91x/mcu/drivers/cmsis_driver/SPI.o
                0x0820362c                ssi_transfer_complete_callback
 .text.ssi_error_callback
                0x08203644        0x4 ./wiseconnect3_sdk_3.4.2/components/device/silabs/si91x/mcu/drivers/cmsis_driver/SPI.o
                0x08203644                ssi_error_callback
 .text.ARM_USARTx_GetVersion
                0x08203648       0x20 ./wiseconnect3_sdk_3.4.2/components/device/silabs/si91x/mcu/drivers/cmsis_driver/USART.o
                0x08203648                ARM_USARTx_GetVersion
 .text.ARM_ULP_UART_GetCapabilities
                0x08203668        0xc ./wiseconnect3_sdk_3.4.2/components/device/silabs/si91x/mcu/drivers/cmsis_driver/USART.o
 .text.ARM_ULP_UART_GetModemStatus
                0x08203674        0xc ./wiseconnect3_sdk_3.4.2/components/device/silabs/si91x/mcu/drivers/cmsis_driver/USART.o
 .text.ARM_ULP_UART_SetModemControl
                0x08203680        0xc ./wiseconnect3_sdk_3.4.2/components/device/silabs/si91x/mcu/drivers/cmsis_driver/USART.o
 .text.ARM_ULP_UART_GetStatus
                0x0820368c        0xc ./wiseconnect3_sdk_3.4.2/components/device/silabs/si91x/mcu/drivers/cmsis_driver/USART.o
 .text.ARM_ULP_UART_Control
                0x08203698       0x34 ./wiseconnect3_sdk_3.4.2/components/device/silabs/si91x/mcu/drivers/cmsis_driver/USART.o
 .text.ARM_ULP_UART_GetRxCount
                0x082036cc        0xc ./wiseconnect3_sdk_3.4.2/components/device/silabs/si91x/mcu/drivers/cmsis_driver/USART.o
 .text.ARM_ULP_UART_GetTxCount
                0x082036d8        0xc ./wiseconnect3_sdk_3.4.2/components/device/silabs/si91x/mcu/drivers/cmsis_driver/USART.o
 .text.ARM_ULP_UART_Transfer
                0x082036e4       0x54 ./wiseconnect3_sdk_3.4.2/components/device/silabs/si91x/mcu/drivers/cmsis_driver/USART.o
 .text.ARM_ULP_UART_Receive
                0x08203738       0x48 ./wiseconnect3_sdk_3.4.2/components/device/silabs/si91x/mcu/drivers/cmsis_driver/USART.o
 .text.ARM_ULP_UART_Send
                0x08203780       0x48 ./wiseconnect3_sdk_3.4.2/components/device/silabs/si91x/mcu/drivers/cmsis_driver/USART.o
 .text.ARM_ULP_UART_PowerControl
                0x082037c8       0x18 ./wiseconnect3_sdk_3.4.2/components/device/silabs/si91x/mcu/drivers/cmsis_driver/USART.o
 .text.ARM_ULP_UART_Uninitialize
                0x082037e0       0x1c ./wiseconnect3_sdk_3.4.2/components/device/silabs/si91x/mcu/drivers/cmsis_driver/USART.o
 .text.ARM_ULP_UART_Initialize
                0x082037fc       0x30 ./wiseconnect3_sdk_3.4.2/components/device/silabs/si91x/mcu/drivers/cmsis_driver/USART.o
 .text.IRQ038_Handler
                0x0820382c        0xc ./wiseconnect3_sdk_3.4.2/components/device/silabs/si91x/mcu/drivers/cmsis_driver/USART.o
                0x0820382c                IRQ038_Handler
 .text.IRQ039_Handler
                0x08203838        0xc ./wiseconnect3_sdk_3.4.2/components/device/silabs/si91x/mcu/drivers/cmsis_driver/USART.o
                0x08203838                IRQ039_Handler
 .text.IRQ012_Handler
                0x08203844        0xc ./wiseconnect3_sdk_3.4.2/components/device/silabs/si91x/mcu/drivers/cmsis_driver/USART.o
                0x08203844                IRQ012_Handler
 .text.RSI_ULPUartHandler
                0x08203850        0x4 ./wiseconnect3_sdk_3.4.2/components/device/silabs/si91x/mcu/drivers/cmsis_driver/USART.o
                0x08203850                RSI_ULPUartHandler
 .text.sl_si91x_button_init
                0x08203854       0xd0 ./wiseconnect3_sdk_3.4.2/components/device/silabs/si91x/mcu/drivers/hardware_drivers/button/src/sl_si91x_button.o
                0x08203854                sl_si91x_button_init
 .text.sl_si91x_button_state
                0x08203924       0x50 ./wiseconnect3_sdk_3.4.2/components/device/silabs/si91x/mcu/drivers/hardware_drivers/button/src/sl_si91x_button.o
                0x08203924                sl_si91x_button_state
 .text.sl_si91x_button_isr
                0x08203974        0x2 ./wiseconnect3_sdk_3.4.2/components/device/silabs/si91x/mcu/drivers/hardware_drivers/button/src/sl_si91x_button.o
                0x08203974                sl_si91x_button_isr
 *fill*         0x08203976        0x2 
 .text.sl_si91x_button_internal_isr
                0x08203978       0x2c ./wiseconnect3_sdk_3.4.2/components/device/silabs/si91x/mcu/drivers/hardware_drivers/button/src/sl_si91x_button.o
                0x08203978                sl_si91x_button_internal_isr
 .text.button_HP_IRQHandler
                0x082039a4       0x10 ./wiseconnect3_sdk_3.4.2/components/device/silabs/si91x/mcu/drivers/hardware_drivers/button/src/sl_si91x_button.o
 .text.button_ULP_IRQHandler
                0x082039b4       0x10 ./wiseconnect3_sdk_3.4.2/components/device/silabs/si91x/mcu/drivers/hardware_drivers/button/src/sl_si91x_button.o
 .text.button_UULP_IRQHandler
                0x082039c4       0x10 ./wiseconnect3_sdk_3.4.2/components/device/silabs/si91x/mcu/drivers/hardware_drivers/button/src/sl_si91x_button.o
 .text.sl_si91x_button_pin_state
                0x082039d4       0x38 ./wiseconnect3_sdk_3.4.2/components/device/silabs/si91x/mcu/drivers/hardware_drivers/button/src/sl_si91x_button.o
                0x082039d4                sl_si91x_button_pin_state
 .text.wait_till_ssi_gets_idle
                0x08203a0c       0x14 ./wiseconnect3_sdk_3.4.2/components/device/silabs/si91x/mcu/drivers/hardware_drivers/icm40627/src/sl_si91x_icm40627.o
 .text.icm40627_select_register_bank
                0x08203a20       0x26 ./wiseconnect3_sdk_3.4.2/components/device/silabs/si91x/mcu/drivers/hardware_drivers/icm40627/src/sl_si91x_icm40627.o
                0x08203a20                icm40627_select_register_bank
 .text.icm40627_read_register
                0x08203a46       0x50 ./wiseconnect3_sdk_3.4.2/components/device/silabs/si91x/mcu/drivers/hardware_drivers/icm40627/src/sl_si91x_icm40627.o
 .text.icm40627_write_register
                0x08203a96       0x5e ./wiseconnect3_sdk_3.4.2/components/device/silabs/si91x/mcu/drivers/hardware_drivers/icm40627/src/sl_si91x_icm40627.o
 .text.sl_si91x_icm40627_software_reset
                0x08203af4       0x22 ./wiseconnect3_sdk_3.4.2/components/device/silabs/si91x/mcu/drivers/hardware_drivers/icm40627/src/sl_si91x_icm40627.o
                0x08203af4                sl_si91x_icm40627_software_reset
 .text.sl_si91x_icm40627_get_device_id
                0x08203b16       0x1a ./wiseconnect3_sdk_3.4.2/components/device/silabs/si91x/mcu/drivers/hardware_drivers/icm40627/src/sl_si91x_icm40627.o
                0x08203b16                sl_si91x_icm40627_get_device_id
 .text.sl_si91x_icm40627_get_temperature_data
                0x08203b30       0x50 ./wiseconnect3_sdk_3.4.2/components/device/silabs/si91x/mcu/drivers/hardware_drivers/icm40627/src/sl_si91x_icm40627.o
                0x08203b30                sl_si91x_icm40627_get_temperature_data
 .text.sl_si91x_icm40627_get_accel_resolution
                0x08203b80       0x48 ./wiseconnect3_sdk_3.4.2/components/device/silabs/si91x/mcu/drivers/hardware_drivers/icm40627/src/sl_si91x_icm40627.o
                0x08203b80                sl_si91x_icm40627_get_accel_resolution
 .text.sl_si91x_icm40627_get_accel_data
                0x08203bc8       0xba ./wiseconnect3_sdk_3.4.2/components/device/silabs/si91x/mcu/drivers/hardware_drivers/icm40627/src/sl_si91x_icm40627.o
                0x08203bc8                sl_si91x_icm40627_get_accel_data
 *fill*         0x08203c82        0x2 
 .text.sl_si91x_icm40627_get_gyro_resolution
                0x08203c84       0x50 ./wiseconnect3_sdk_3.4.2/components/device/silabs/si91x/mcu/drivers/hardware_drivers/icm40627/src/sl_si91x_icm40627.o
                0x08203c84                sl_si91x_icm40627_get_gyro_resolution
 .text.sl_si91x_icm40627_enable_sensor
                0x08203cd4       0x9c ./wiseconnect3_sdk_3.4.2/components/device/silabs/si91x/mcu/drivers/hardware_drivers/icm40627/src/sl_si91x_icm40627.o
                0x08203cd4                sl_si91x_icm40627_enable_sensor
 .text.sl_si91x_icm40627_gyro_set_sample_rate
                0x08203d70       0x44 ./wiseconnect3_sdk_3.4.2/components/device/silabs/si91x/mcu/drivers/hardware_drivers/icm40627/src/sl_si91x_icm40627.o
                0x08203d70                sl_si91x_icm40627_gyro_set_sample_rate
 .text.sl_si91x_icm40627_accel_set_sample_rate
                0x08203db4       0x44 ./wiseconnect3_sdk_3.4.2/components/device/silabs/si91x/mcu/drivers/hardware_drivers/icm40627/src/sl_si91x_icm40627.o
                0x08203db4                sl_si91x_icm40627_accel_set_sample_rate
 .text.sl_si91x_icm40627_set_gyro_bandwidth
                0x08203df8       0x36 ./wiseconnect3_sdk_3.4.2/components/device/silabs/si91x/mcu/drivers/hardware_drivers/icm40627/src/sl_si91x_icm40627.o
                0x08203df8                sl_si91x_icm40627_set_gyro_bandwidth
 .text.sl_si91x_icm40627_set_accel_bandwidth
                0x08203e2e       0x36 ./wiseconnect3_sdk_3.4.2/components/device/silabs/si91x/mcu/drivers/hardware_drivers/icm40627/src/sl_si91x_icm40627.o
                0x08203e2e                sl_si91x_icm40627_set_accel_bandwidth
 .text.sl_si91x_icm40627_set_accel_full_scale
                0x08203e64       0x36 ./wiseconnect3_sdk_3.4.2/components/device/silabs/si91x/mcu/drivers/hardware_drivers/icm40627/src/sl_si91x_icm40627.o
                0x08203e64                sl_si91x_icm40627_set_accel_full_scale
 .text.sl_si91x_icm40627_set_gyro_full_scale
                0x08203e9a       0x32 ./wiseconnect3_sdk_3.4.2/components/device/silabs/si91x/mcu/drivers/hardware_drivers/icm40627/src/sl_si91x_icm40627.o
                0x08203e9a                sl_si91x_icm40627_set_gyro_full_scale
 .text.sl_si91x_icm40627_get_gyro_data
                0x08203ecc       0xc2 ./wiseconnect3_sdk_3.4.2/components/device/silabs/si91x/mcu/drivers/hardware_drivers/icm40627/src/sl_si91x_icm40627.o
                0x08203ecc                sl_si91x_icm40627_get_gyro_data
 .text.sl_si91x_icm40627_calibrate_accel_and_gyro
                0x08203f8e      0x522 ./wiseconnect3_sdk_3.4.2/components/device/silabs/si91x/mcu/drivers/hardware_drivers/icm40627/src/sl_si91x_icm40627.o
                0x08203f8e                sl_si91x_icm40627_calibrate_accel_and_gyro
 .text.sl_si91x_icm40627_init
                0x082044b0       0x66 ./wiseconnect3_sdk_3.4.2/components/device/silabs/si91x/mcu/drivers/hardware_drivers/icm40627/src/sl_si91x_icm40627.o
                0x082044b0                sl_si91x_icm40627_init
 *fill*         0x08204516        0x2 
 .text.RSI_AUX_RefVoltageConfig
                0x08204518       0xe8 ./wiseconnect3_sdk_3.4.2/components/device/silabs/si91x/mcu/drivers/peripheral_drivers/src/aux_reference_volt_config.o
                0x08204518                RSI_AUX_RefVoltageConfig
 .text.RSI_CLK_GetBaseClock
                0x08204600      0x50c ./wiseconnect3_sdk_3.4.2/components/device/silabs/si91x/mcu/drivers/peripheral_drivers/src/clock_update.o
                0x08204600                RSI_CLK_GetBaseClock
 .text.RSI_EGPIO_HostPadsGpioModeDisable
                0x08204b0c       0x10 ./wiseconnect3_sdk_3.4.2/components/device/silabs/si91x/mcu/drivers/peripheral_drivers/src/rsi_adc.o
 .text.RSI_EGPIO_PadReceiverDisable
                0x08204b1c       0x10 ./wiseconnect3_sdk_3.4.2/components/device/silabs/si91x/mcu/drivers/peripheral_drivers/src/rsi_adc.o
 .text.RSI_EGPIO_UlpPadReceiverDisable
                0x08204b2c       0x10 ./wiseconnect3_sdk_3.4.2/components/device/silabs/si91x/mcu/drivers/peripheral_drivers/src/rsi_adc.o
 .text.ADC_DMA_Transfer_Complete
                0x08204b3c       0x10 ./wiseconnect3_sdk_3.4.2/components/device/silabs/si91x/mcu/drivers/peripheral_drivers/src/rsi_adc.o
                0x08204b3c                ADC_DMA_Transfer_Complete
 .text.ADC_DMA_Error_Callback
                0x08204b4c        0x4 ./wiseconnect3_sdk_3.4.2/components/device/silabs/si91x/mcu/drivers/peripheral_drivers/src/rsi_adc.o
                0x08204b4c                ADC_DMA_Error_Callback
 .text.RSI_EGPIO_SetPinMux.constprop.0
                0x08204b50       0x1c ./wiseconnect3_sdk_3.4.2/components/device/silabs/si91x/mcu/drivers/peripheral_drivers/src/rsi_adc.o
 .text.RSI_ADC_PowerControl.part.0
                0x08204b6c       0x40 ./wiseconnect3_sdk_3.4.2/components/device/silabs/si91x/mcu/drivers/peripheral_drivers/src/rsi_adc.o
 .text.ADC_Start
                0x08204bac       0x50 ./wiseconnect3_sdk_3.4.2/components/device/silabs/si91x/mcu/drivers/peripheral_drivers/src/rsi_adc.o
                0x08204bac                ADC_Start
 .text.cal_adc_channel_offset
                0x08204bfc       0xa4 ./wiseconnect3_sdk_3.4.2/components/device/silabs/si91x/mcu/drivers/peripheral_drivers/src/rsi_adc.o
                0x08204bfc                cal_adc_channel_offset
 .text.check_power_two
                0x08204ca0       0x12 ./wiseconnect3_sdk_3.4.2/components/device/silabs/si91x/mcu/drivers/peripheral_drivers/src/rsi_adc.o
                0x08204ca0                check_power_two
 .text.roundupto_pwr2
                0x08204cb2       0x1e ./wiseconnect3_sdk_3.4.2/components/device/silabs/si91x/mcu/drivers/peripheral_drivers/src/rsi_adc.o
                0x08204cb2                roundupto_pwr2
 .text.max_sample_rate_achive
                0x08204cd0       0x30 ./wiseconnect3_sdk_3.4.2/components/device/silabs/si91x/mcu/drivers/peripheral_drivers/src/rsi_adc.o
                0x08204cd0                max_sample_rate_achive
 .text.get_min_sampling_time
                0x08204d00      0x2a0 ./wiseconnect3_sdk_3.4.2/components/device/silabs/si91x/mcu/drivers/peripheral_drivers/src/rsi_adc.o
                0x08204d00                get_min_sampling_time
 .text.ADC_PinMux
                0x08204fa0      0x39c ./wiseconnect3_sdk_3.4.2/components/device/silabs/si91x/mcu/drivers/peripheral_drivers/src/rsi_adc.o
                0x08204fa0                ADC_PinMux
 .text.RSI_ADC_PingPongMemoryAdrConfig
                0x0820533c       0xd4 ./wiseconnect3_sdk_3.4.2/components/device/silabs/si91x/mcu/drivers/peripheral_drivers/src/rsi_adc.o
                0x0820533c                RSI_ADC_PingPongMemoryAdrConfig
 .text.RSI_ADC_PingPongReInit
                0x08205410       0x60 ./wiseconnect3_sdk_3.4.2/components/device/silabs/si91x/mcu/drivers/peripheral_drivers/src/rsi_adc.o
                0x08205410                RSI_ADC_PingPongReInit
 .text.RSI_ADC_Calibration
                0x08205470       0xb8 ./wiseconnect3_sdk_3.4.2/components/device/silabs/si91x/mcu/drivers/peripheral_drivers/src/rsi_adc.o
                0x08205470                RSI_ADC_Calibration
 .text.ADC_Init
                0x08205528      0x140 ./wiseconnect3_sdk_3.4.2/components/device/silabs/si91x/mcu/drivers/peripheral_drivers/src/rsi_adc.o
                0x08205528                ADC_Init
 .text.ADC_Per_Channel_Init
                0x08205668      0x13c ./wiseconnect3_sdk_3.4.2/components/device/silabs/si91x/mcu/drivers/peripheral_drivers/src/rsi_adc.o
                0x08205668                ADC_Per_Channel_Init
 .text.RSI_ADC_PingpongEnable
                0x082057a4       0x28 ./wiseconnect3_sdk_3.4.2/components/device/silabs/si91x/mcu/drivers/peripheral_drivers/src/rsi_adc.o
                0x082057a4                RSI_ADC_PingpongEnable
 .text.RSI_ADC_InternalPerChnlDmaEnable
                0x082057cc       0x2a ./wiseconnect3_sdk_3.4.2/components/device/silabs/si91x/mcu/drivers/peripheral_drivers/src/rsi_adc.o
                0x082057cc                RSI_ADC_InternalPerChnlDmaEnable
 .text.RSI_ADC_ChannelConfig
                0x082057f6       0x68 ./wiseconnect3_sdk_3.4.2/components/device/silabs/si91x/mcu/drivers/peripheral_drivers/src/rsi_adc.o
                0x082057f6                RSI_ADC_ChannelConfig
 *fill*         0x0820585e        0x2 
 .text.RSI_ADC_Stop
                0x08205860       0x2c ./wiseconnect3_sdk_3.4.2/components/device/silabs/si91x/mcu/drivers/peripheral_drivers/src/rsi_adc.o
                0x08205860                RSI_ADC_Stop
 .text.ADC_Stop
                0x0820588c       0x10 ./wiseconnect3_sdk_3.4.2/components/device/silabs/si91x/mcu/drivers/peripheral_drivers/src/rsi_adc.o
                0x0820588c                ADC_Stop
 .text.RSI_ADC_ChnlEnable
                0x0820589c       0x40 ./wiseconnect3_sdk_3.4.2/components/device/silabs/si91x/mcu/drivers/peripheral_drivers/src/rsi_adc.o
                0x0820589c                RSI_ADC_ChnlEnable
 .text.RSI_ADC_ClkDivfactor
                0x082058dc       0x34 ./wiseconnect3_sdk_3.4.2/components/device/silabs/si91x/mcu/drivers/peripheral_drivers/src/rsi_adc.o
                0x082058dc                RSI_ADC_ClkDivfactor
 .text.RSI_ADC_ChnlIntrUnMask
                0x08205910       0x58 ./wiseconnect3_sdk_3.4.2/components/device/silabs/si91x/mcu/drivers/peripheral_drivers/src/rsi_adc.o
                0x08205910                RSI_ADC_ChnlIntrUnMask
 .text.RSI_ADC_ChnlIntrClr
                0x08205968       0x36 ./wiseconnect3_sdk_3.4.2/components/device/silabs/si91x/mcu/drivers/peripheral_drivers/src/rsi_adc.o
                0x08205968                RSI_ADC_ChnlIntrClr
 *fill*         0x0820599e        0x2 
 .text.RSI_ADC_PowerControl
                0x082059a0       0x54 ./wiseconnect3_sdk_3.4.2/components/device/silabs/si91x/mcu/drivers/peripheral_drivers/src/rsi_adc.o
                0x082059a0                RSI_ADC_PowerControl
 .text.ADC_Deinit
                0x082059f4       0x3c ./wiseconnect3_sdk_3.4.2/components/device/silabs/si91x/mcu/drivers/peripheral_drivers/src/rsi_adc.o
                0x082059f4                ADC_Deinit
 .text.RSI_ADC_NoiseAvgMode
                0x08205a30       0x20 ./wiseconnect3_sdk_3.4.2/components/device/silabs/si91x/mcu/drivers/peripheral_drivers/src/rsi_adc.o
                0x08205a30                RSI_ADC_NoiseAvgMode
 .text.ADC_ChannelConfig
                0x08205a50      0x3c8 ./wiseconnect3_sdk_3.4.2/components/device/silabs/si91x/mcu/drivers/peripheral_drivers/src/rsi_adc.o
                0x08205a50                ADC_ChannelConfig
 .text.ADC_Per_ChannelConfig
                0x08205e18      0x438 ./wiseconnect3_sdk_3.4.2/components/device/silabs/si91x/mcu/drivers/peripheral_drivers/src/rsi_adc.o
                0x08205e18                ADC_Per_ChannelConfig
 .text.RSI_ADC_TempSensorEnable
                0x08206250       0x10 ./wiseconnect3_sdk_3.4.2/components/device/silabs/si91x/mcu/drivers/peripheral_drivers/src/rsi_adc.o
                0x08206250                RSI_ADC_TempSensorEnable
 .text.RSI_ADC_InterruptHandler
                0x08206260       0xf4 ./wiseconnect3_sdk_3.4.2/components/device/silabs/si91x/mcu/drivers/peripheral_drivers/src/rsi_adc.o
                0x08206260                RSI_ADC_InterruptHandler
 .text.IRQ011_Handler
                0x08206354        0xc ./wiseconnect3_sdk_3.4.2/components/device/silabs/si91x/mcu/drivers/peripheral_drivers/src/rsi_adc.o
                0x08206354                IRQ011_Handler
 .text.RSI_ADC_GainOffsetCal
                0x08206360       0x6c ./wiseconnect3_sdk_3.4.2/components/device/silabs/si91x/mcu/drivers/peripheral_drivers/src/rsi_adc.o
                0x08206360                RSI_ADC_GainOffsetCal
 .text.RSI_ADC_ReadDataStatic
                0x082063cc       0x14 ./wiseconnect3_sdk_3.4.2/components/device/silabs/si91x/mcu/drivers/peripheral_drivers/src/rsi_adc.o
                0x082063cc                RSI_ADC_ReadDataStatic
 .text.RSI_DAC_InterruptMask
                0x082063e0       0x1e ./wiseconnect3_sdk_3.4.2/components/device/silabs/si91x/mcu/drivers/peripheral_drivers/src/rsi_dac.o
                0x082063e0                RSI_DAC_InterruptMask
 .text.RSI_OPAMP1_Config
                0x082063fe       0xc6 ./wiseconnect3_sdk_3.4.2/components/device/silabs/si91x/mcu/drivers/peripheral_drivers/src/rsi_opamp.o
                0x082063fe                RSI_OPAMP1_Config
 .text.RSI_EGPIO_SetPinMux
                0x082064c4       0x14 ./wiseconnect3_sdk_3.4.2/components/device/silabs/si91x/mcu/drivers/peripheral_drivers/src/rsi_spi.o
 .text.RSI_EGPIO_HostPadsGpioModeEnable
                0x082064d8       0x10 ./wiseconnect3_sdk_3.4.2/components/device/silabs/si91x/mcu/drivers/peripheral_drivers/src/rsi_spi.o
 .text.RSI_EGPIO_PadSelectionEnable
                0x082064e8       0x10 ./wiseconnect3_sdk_3.4.2/components/device/silabs/si91x/mcu/drivers/peripheral_drivers/src/rsi_spi.o
 .text.RSI_EGPIO_PadReceiverEnable
                0x082064f8       0x10 ./wiseconnect3_sdk_3.4.2/components/device/silabs/si91x/mcu/drivers/peripheral_drivers/src/rsi_spi.o
 .text.RSI_EGPIO_UlpPadReceiverEnable
                0x08206508       0x10 ./wiseconnect3_sdk_3.4.2/components/device/silabs/si91x/mcu/drivers/peripheral_drivers/src/rsi_spi.o
 .text.SPI_Convert_Data_Width_To_Bytes
                0x08206518       0x1c ./wiseconnect3_sdk_3.4.2/components/device/silabs/si91x/mcu/drivers/peripheral_drivers/src/rsi_spi.o
 .text.SPI_Set_Mode_Fault_Event
                0x08206534       0x48 ./wiseconnect3_sdk_3.4.2/components/device/silabs/si91x/mcu/drivers/peripheral_drivers/src/rsi_spi.o
 .text.SPI_Initialize
                0x0820657c      0x354 ./wiseconnect3_sdk_3.4.2/components/device/silabs/si91x/mcu/drivers/peripheral_drivers/src/rsi_spi.o
                0x0820657c                SPI_Initialize
 .text.SPI_Uninitialize
                0x082068d0       0x42 ./wiseconnect3_sdk_3.4.2/components/device/silabs/si91x/mcu/drivers/peripheral_drivers/src/rsi_spi.o
                0x082068d0                SPI_Uninitialize
 *fill*         0x08206912        0x2 
 .text.SPI_PowerControl
                0x08206914      0x114 ./wiseconnect3_sdk_3.4.2/components/device/silabs/si91x/mcu/drivers/peripheral_drivers/src/rsi_spi.o
                0x08206914                SPI_PowerControl
 .text.SPI_Transfer
                0x08206a28      0x210 ./wiseconnect3_sdk_3.4.2/components/device/silabs/si91x/mcu/drivers/peripheral_drivers/src/rsi_spi.o
                0x08206a28                SPI_Transfer
 .text.SPI_GetDataCount
                0x08206c38       0x12 ./wiseconnect3_sdk_3.4.2/components/device/silabs/si91x/mcu/drivers/peripheral_drivers/src/rsi_spi.o
                0x08206c38                SPI_GetDataCount
 *fill*         0x08206c4a        0x2 
 .text.SPI_Control
                0x08206c4c      0x414 ./wiseconnect3_sdk_3.4.2/components/device/silabs/si91x/mcu/drivers/peripheral_drivers/src/rsi_spi.o
                0x08206c4c                SPI_Control
 .text.SPI_GetStatus
                0x08207060       0x1e ./wiseconnect3_sdk_3.4.2/components/device/silabs/si91x/mcu/drivers/peripheral_drivers/src/rsi_spi.o
                0x08207060                SPI_GetStatus
 *fill*         0x0820707e        0x2 
 .text.SPI_IRQHandler
                0x08207080      0x1f4 ./wiseconnect3_sdk_3.4.2/components/device/silabs/si91x/mcu/drivers/peripheral_drivers/src/rsi_spi.o
                0x08207080                SPI_IRQHandler
 .text.SPI_Send
                0x08207274      0x17c ./wiseconnect3_sdk_3.4.2/components/device/silabs/si91x/mcu/drivers/peripheral_drivers/src/rsi_spi.o
                0x08207274                SPI_Send
 .text.SPI_Receive
                0x082073f0      0x268 ./wiseconnect3_sdk_3.4.2/components/device/silabs/si91x/mcu/drivers/peripheral_drivers/src/rsi_spi.o
                0x082073f0                SPI_Receive
 .text.SPI_UDMA_Tx_Event
                0x08207658       0x60 ./wiseconnect3_sdk_3.4.2/components/device/silabs/si91x/mcu/drivers/peripheral_drivers/src/rsi_spi.o
                0x08207658                SPI_UDMA_Tx_Event
 .text.SPI_UDMA_Rx_Event
                0x082076b8       0x80 ./wiseconnect3_sdk_3.4.2/components/device/silabs/si91x/mcu/drivers/peripheral_drivers/src/rsi_spi.o
                0x082076b8                SPI_UDMA_Rx_Event
 .text.RSI_EGPIO_SetPinMux
                0x08207738       0x14 ./wiseconnect3_sdk_3.4.2/components/device/silabs/si91x/mcu/drivers/peripheral_drivers/src/rsi_usart.o
 .text.RSI_EGPIO_HostPadsGpioModeEnable
                0x0820774c       0x10 ./wiseconnect3_sdk_3.4.2/components/device/silabs/si91x/mcu/drivers/peripheral_drivers/src/rsi_usart.o
 .text.RSI_EGPIO_PadSelectionEnable
                0x0820775c       0x10 ./wiseconnect3_sdk_3.4.2/components/device/silabs/si91x/mcu/drivers/peripheral_drivers/src/rsi_usart.o
 .text.RSI_EGPIO_PadReceiverEnable
                0x0820776c       0x10 ./wiseconnect3_sdk_3.4.2/components/device/silabs/si91x/mcu/drivers/peripheral_drivers/src/rsi_usart.o
 .text.RSI_EGPIO_UlpPadReceiverEnable
                0x0820777c       0x10 ./wiseconnect3_sdk_3.4.2/components/device/silabs/si91x/mcu/drivers/peripheral_drivers/src/rsi_usart.o
 .text.UDMAx_ChannelDisable.isra.0
                0x0820778c        0xc ./wiseconnect3_sdk_3.4.2/components/device/silabs/si91x/mcu/drivers/peripheral_drivers/src/rsi_usart.o
 .text.UartIrqHandler
                0x08207798      0x200 ./wiseconnect3_sdk_3.4.2/components/device/silabs/si91x/mcu/drivers/peripheral_drivers/src/rsi_usart.o
                0x08207798                UartIrqHandler
 .text.USART_SetBaudrate
                0x08207998       0x50 ./wiseconnect3_sdk_3.4.2/components/device/silabs/si91x/mcu/drivers/peripheral_drivers/src/rsi_usart.o
                0x08207998                USART_SetBaudrate
 .text.USART_Initialize
                0x082079e8      0x120 ./wiseconnect3_sdk_3.4.2/components/device/silabs/si91x/mcu/drivers/peripheral_drivers/src/rsi_usart.o
                0x082079e8                USART_Initialize
 .text.USART_Uninitialize
                0x08207b08       0xa0 ./wiseconnect3_sdk_3.4.2/components/device/silabs/si91x/mcu/drivers/peripheral_drivers/src/rsi_usart.o
                0x08207b08                USART_Uninitialize
 .text.USART_PowerControl
                0x08207ba8      0x150 ./wiseconnect3_sdk_3.4.2/components/device/silabs/si91x/mcu/drivers/peripheral_drivers/src/rsi_usart.o
                0x08207ba8                USART_PowerControl
 .text.USART_Send_Data
                0x08207cf8      0x15c ./wiseconnect3_sdk_3.4.2/components/device/silabs/si91x/mcu/drivers/peripheral_drivers/src/rsi_usart.o
                0x08207cf8                USART_Send_Data
 .text.USART_Receive_Data
                0x08207e54      0x13c ./wiseconnect3_sdk_3.4.2/components/device/silabs/si91x/mcu/drivers/peripheral_drivers/src/rsi_usart.o
                0x08207e54                USART_Receive_Data
 .text.USART_Transfer
                0x08207f90       0x72 ./wiseconnect3_sdk_3.4.2/components/device/silabs/si91x/mcu/drivers/peripheral_drivers/src/rsi_usart.o
                0x08207f90                USART_Transfer
 .text.USART_GetTxCount
                0x08208002        0x6 ./wiseconnect3_sdk_3.4.2/components/device/silabs/si91x/mcu/drivers/peripheral_drivers/src/rsi_usart.o
                0x08208002                USART_GetTxCount
 .text.USART_GetRxCount
                0x08208008        0x6 ./wiseconnect3_sdk_3.4.2/components/device/silabs/si91x/mcu/drivers/peripheral_drivers/src/rsi_usart.o
                0x08208008                USART_GetRxCount
 *fill*         0x0820800e        0x2 
 .text.USART_Control
                0x08208010      0x914 ./wiseconnect3_sdk_3.4.2/components/device/silabs/si91x/mcu/drivers/peripheral_drivers/src/rsi_usart.o
                0x08208010                USART_Control
 .text.USART_GetStatus
                0x08208924       0x42 ./wiseconnect3_sdk_3.4.2/components/device/silabs/si91x/mcu/drivers/peripheral_drivers/src/rsi_usart.o
                0x08208924                USART_GetStatus
 *fill*         0x08208966        0x2 
 .text.USART_SetModemControl
                0x08208968       0x84 ./wiseconnect3_sdk_3.4.2/components/device/silabs/si91x/mcu/drivers/peripheral_drivers/src/rsi_usart.o
                0x08208968                USART_SetModemControl
 .text.USART_GetModemStatus
                0x082089ec       0x5c ./wiseconnect3_sdk_3.4.2/components/device/silabs/si91x/mcu/drivers/peripheral_drivers/src/rsi_usart.o
                0x082089ec                USART_GetModemStatus
 .text.convert_rsi_to_sl_error_code
                0x08208a48       0x58 ./wiseconnect3_sdk_3.4.2/components/device/silabs/si91x/mcu/drivers/service/clock_manager/src/sl_si91x_clock_manager.o
 .text.RSI_CLK_IntfPLLTurnOn.isra.0
                0x08208aa0        0xc ./wiseconnect3_sdk_3.4.2/components/device/silabs/si91x/mcu/drivers/service/clock_manager/src/sl_si91x_clock_manager.o
 .text.RSI_CLK_I2sPllTurnOn.isra.0
                0x08208aac        0xc ./wiseconnect3_sdk_3.4.2/components/device/silabs/si91x/mcu/drivers/service/clock_manager/src/sl_si91x_clock_manager.o
 .text.RSI_CLK_SocPllTurnOn.isra.0
                0x08208ab8        0xc ./wiseconnect3_sdk_3.4.2/components/device/silabs/si91x/mcu/drivers/service/clock_manager/src/sl_si91x_clock_manager.o
 .text.sl_si91x_clock_manager_set_pll_freq
                0x08208ac4      0x140 ./wiseconnect3_sdk_3.4.2/components/device/silabs/si91x/mcu/drivers/service/clock_manager/src/sl_si91x_clock_manager.o
                0x08208ac4                sl_si91x_clock_manager_set_pll_freq
 .text.sl_si91x_clock_manager_m4_set_core_clk
                0x08208c04       0x90 ./wiseconnect3_sdk_3.4.2/components/device/silabs/si91x/mcu/drivers/service/clock_manager/src/sl_si91x_clock_manager.o
                0x08208c04                sl_si91x_clock_manager_m4_set_core_clk
 .text.sl_si91x_clock_manager_init
                0x08208c94       0x5c ./wiseconnect3_sdk_3.4.2/components/device/silabs/si91x/mcu/drivers/service/clock_manager/src/sl_si91x_clock_manager.o
                0x08208c94                sl_si91x_clock_manager_init
 .text.RSI_BOD_IntrClr
                0x08208cf0       0x1c ./wiseconnect3_sdk_3.4.2/components/device/silabs/si91x/mcu/drivers/systemlevel/src/rsi_bod.o
                0x08208cf0                RSI_BOD_IntrClr
 .text.RSI_BOD_SoftTriggerGetBatteryStatus
                0x08208d0c       0xc8 ./wiseconnect3_sdk_3.4.2/components/device/silabs/si91x/mcu/drivers/systemlevel/src/rsi_bod.o
                0x08208d0c                RSI_BOD_SoftTriggerGetBatteryStatus
 .text.RSI_IPMU_UpdateIpmuCalibData_efuse
                0x08208dd4      0x300 ./wiseconnect3_sdk_3.4.2/components/device/silabs/si91x/mcu/drivers/systemlevel/src/rsi_ipmu.o
                0x08208dd4                RSI_IPMU_UpdateIpmuCalibData_efuse
 .text.RSI_Ipmu_Init
                0x082090d4        0x4 ./wiseconnect3_sdk_3.4.2/components/device/silabs/si91x/mcu/drivers/systemlevel/src/rsi_ipmu.o
                0x082090d4                RSI_Ipmu_Init
 .text.RSI_Configure_Ipmu_Mode
                0x082090d8       0x74 ./wiseconnect3_sdk_3.4.2/components/device/silabs/si91x/mcu/drivers/systemlevel/src/rsi_ipmu.o
                0x082090d8                RSI_Configure_Ipmu_Mode
 .text.RSI_IPMU_PowerGateSet
                0x0820914c       0x34 ./wiseconnect3_sdk_3.4.2/components/device/silabs/si91x/mcu/drivers/systemlevel/src/rsi_ipmu.o
                0x0820914c                RSI_IPMU_PowerGateSet
 .text.RSI_IPMU_PowerGateClr
                0x08209180       0x4c ./wiseconnect3_sdk_3.4.2/components/device/silabs/si91x/mcu/drivers/systemlevel/src/rsi_ipmu.o
                0x08209180                RSI_IPMU_PowerGateClr
 .text.RSI_IPMU_ClockMuxSel
                0x082091cc       0x40 ./wiseconnect3_sdk_3.4.2/components/device/silabs/si91x/mcu/drivers/systemlevel/src/rsi_ipmu.o
                0x082091cc                RSI_IPMU_ClockMuxSel
 .text.RSI_IPMU_ProgramConfigData
                0x0820920c       0xea ./wiseconnect3_sdk_3.4.2/components/device/silabs/si91x/mcu/drivers/systemlevel/src/rsi_ipmu.o
                0x0820920c                RSI_IPMU_ProgramConfigData
 .text.RSI_APB_ProgramConfigData
                0x082092f6       0xc8 ./wiseconnect3_sdk_3.4.2/components/device/silabs/si91x/mcu/drivers/systemlevel/src/rsi_ipmu.o
                0x082092f6                RSI_APB_ProgramConfigData
 *fill*         0x082093be        0x2 
 .text.RSI_IPMU_Retn_Voltage_To_Default
                0x082093c0       0x10 ./wiseconnect3_sdk_3.4.2/components/device/silabs/si91x/mcu/drivers/systemlevel/src/rsi_ipmu.o
                0x082093c0                RSI_IPMU_Retn_Voltage_To_Default
 .text.RSI_IPMU_Set_Higher_Pwm_Ro_Frequency_Mode_to_PMU
                0x082093d0       0x14 ./wiseconnect3_sdk_3.4.2/components/device/silabs/si91x/mcu/drivers/systemlevel/src/rsi_ipmu.o
                0x082093d0                RSI_IPMU_Set_Higher_Pwm_Ro_Frequency_Mode_to_PMU
 .text.RSI_IPMU_M32rc_OscTrimEfuse
                0x082093e4       0x28 ./wiseconnect3_sdk_3.4.2/components/device/silabs/si91x/mcu/drivers/systemlevel/src/rsi_ipmu.o
                0x082093e4                RSI_IPMU_M32rc_OscTrimEfuse
 .text.RSI_IPMU_DBLR32M_TrimEfuse
                0x0820940c       0x18 ./wiseconnect3_sdk_3.4.2/components/device/silabs/si91x/mcu/drivers/systemlevel/src/rsi_ipmu.o
                0x0820940c                RSI_IPMU_DBLR32M_TrimEfuse
 .text.RSI_IPMU_M20roOsc_TrimEfuse
                0x08209424       0x28 ./wiseconnect3_sdk_3.4.2/components/device/silabs/si91x/mcu/drivers/systemlevel/src/rsi_ipmu.o
                0x08209424                RSI_IPMU_M20roOsc_TrimEfuse
 .text.RSI_IPMU_RO32khz_TrimEfuse
                0x0820944c       0x18 ./wiseconnect3_sdk_3.4.2/components/device/silabs/si91x/mcu/drivers/systemlevel/src/rsi_ipmu.o
                0x0820944c                RSI_IPMU_RO32khz_TrimEfuse
 .text.RSI_IPMU_RC32khz_TrimEfuse
                0x08209464       0x18 ./wiseconnect3_sdk_3.4.2/components/device/silabs/si91x/mcu/drivers/systemlevel/src/rsi_ipmu.o
                0x08209464                RSI_IPMU_RC32khz_TrimEfuse
 .text.RSI_IPMU_Vbg_Tsbjt_Efuse
                0x0820947c        0xc ./wiseconnect3_sdk_3.4.2/components/device/silabs/si91x/mcu/drivers/systemlevel/src/rsi_ipmu.o
                0x0820947c                RSI_IPMU_Vbg_Tsbjt_Efuse
 .text.RSI_IPMU_Auxadcoff_DiffEfuse
                0x08209488        0xc ./wiseconnect3_sdk_3.4.2/components/device/silabs/si91x/mcu/drivers/systemlevel/src/rsi_ipmu.o
                0x08209488                RSI_IPMU_Auxadcoff_DiffEfuse
 .text.RSI_IPMU_Auxadcgain_DiffEfuse
                0x08209494        0xc ./wiseconnect3_sdk_3.4.2/components/device/silabs/si91x/mcu/drivers/systemlevel/src/rsi_ipmu.o
                0x08209494                RSI_IPMU_Auxadcgain_DiffEfuse
 .text.RSI_IPMU_Auxadcoff_SeEfuse
                0x082094a0        0xc ./wiseconnect3_sdk_3.4.2/components/device/silabs/si91x/mcu/drivers/systemlevel/src/rsi_ipmu.o
                0x082094a0                RSI_IPMU_Auxadcoff_SeEfuse
 .text.RSI_IPMU_Auxadcgain_SeEfuse
                0x082094ac        0xc ./wiseconnect3_sdk_3.4.2/components/device/silabs/si91x/mcu/drivers/systemlevel/src/rsi_ipmu.o
                0x082094ac                RSI_IPMU_Auxadcgain_SeEfuse
 .text.RSI_IPMU_Delvbe_Tsbjt_Efuse
                0x082094b8        0xc ./wiseconnect3_sdk_3.4.2/components/device/silabs/si91x/mcu/drivers/systemlevel/src/rsi_ipmu.o
                0x082094b8                RSI_IPMU_Delvbe_Tsbjt_Efuse
 .text._usdelay
                0x082094c4        0x6 ./wiseconnect3_sdk_3.4.2/components/device/silabs/si91x/mcu/drivers/systemlevel/src/rsi_pll.o
 *fill*         0x082094ca        0x2 
 .text.clk_m4_soc_clk_config
                0x082094cc       0xc8 ./wiseconnect3_sdk_3.4.2/components/device/silabs/si91x/mcu/drivers/systemlevel/src/rsi_pll.o
                0x082094cc                clk_m4_soc_clk_config
 .text.ulpss_enable_ref_clks
                0x08209594       0xf8 ./wiseconnect3_sdk_3.4.2/components/device/silabs/si91x/mcu/drivers/systemlevel/src/rsi_pll.o
                0x08209594                ulpss_enable_ref_clks
 .text.clk_m4ss_ref_clk_config
                0x0820968c       0xcc ./wiseconnect3_sdk_3.4.2/components/device/silabs/si91x/mcu/drivers/systemlevel/src/rsi_pll.o
                0x0820968c                clk_m4ss_ref_clk_config
 .text.ulpss_ref_clk_config
                0x08209758       0xbc ./wiseconnect3_sdk_3.4.2/components/device/silabs/si91x/mcu/drivers/systemlevel/src/rsi_ulpss_clk.o
                0x08209758                ulpss_ref_clk_config
 .text.convert_rsi_to_sl_error_code
                0x08209814       0x58 ./wiseconnect3_sdk_3.4.2/components/device/silabs/si91x/mcu/drivers/unified_api/src/sl_si91x_adc.o
 .text.validate_adc_parameters
                0x0820986c       0x18 ./wiseconnect3_sdk_3.4.2/components/device/silabs/si91x/mcu/drivers/unified_api/src/sl_si91x_adc.o
 .text.validate_adc_channel_parameters
                0x08209884       0x70 ./wiseconnect3_sdk_3.4.2/components/device/silabs/si91x/mcu/drivers/unified_api/src/sl_si91x_adc.o
 .text.callback_event_handler
                0x082098f4       0x14 ./wiseconnect3_sdk_3.4.2/components/device/silabs/si91x/mcu/drivers/unified_api/src/sl_si91x_adc.o
 .text.sl_si91x_adc_init
                0x08209908      0x140 ./wiseconnect3_sdk_3.4.2/components/device/silabs/si91x/mcu/drivers/unified_api/src/sl_si91x_adc.o
                0x08209908                sl_si91x_adc_init
 .text.sl_si91x_adc_set_channel_configuration
                0x08209a48       0x70 ./wiseconnect3_sdk_3.4.2/components/device/silabs/si91x/mcu/drivers/unified_api/src/sl_si91x_adc.o
                0x08209a48                sl_si91x_adc_set_channel_configuration
 .text.sl_si91x_adc_register_event_callback
                0x08209ab8       0x1c ./wiseconnect3_sdk_3.4.2/components/device/silabs/si91x/mcu/drivers/unified_api/src/sl_si91x_adc.o
                0x08209ab8                sl_si91x_adc_register_event_callback
 .text.sl_si91x_adc_temperature_sensor_enable
                0x08209ad4       0x14 ./wiseconnect3_sdk_3.4.2/components/device/silabs/si91x/mcu/drivers/unified_api/src/sl_si91x_adc.o
                0x08209ad4                sl_si91x_adc_temperature_sensor_enable
 .text.sl_si91x_adc_start
                0x08209ae8       0x1e ./wiseconnect3_sdk_3.4.2/components/device/silabs/si91x/mcu/drivers/unified_api/src/sl_si91x_adc.o
                0x08209ae8                sl_si91x_adc_start
 .text.sl_si91x_adc_stop
                0x08209b06       0x1e ./wiseconnect3_sdk_3.4.2/components/device/silabs/si91x/mcu/drivers/unified_api/src/sl_si91x_adc.o
                0x08209b06                sl_si91x_adc_stop
 .text.sl_si91x_adc_deinit
                0x08209b24       0x28 ./wiseconnect3_sdk_3.4.2/components/device/silabs/si91x/mcu/drivers/unified_api/src/sl_si91x_adc.o
                0x08209b24                sl_si91x_adc_deinit
 .text.callback_event
                0x08209b4c       0x10 ./wiseconnect3_sdk_3.4.2/components/device/silabs/si91x/mcu/drivers/unified_api/src/sl_si91x_bjt_temperature_sensor.o
 .text.sl_si91x_bjt_temperature_sensor_init
                0x08209b5c       0xb0 ./wiseconnect3_sdk_3.4.2/components/device/silabs/si91x/mcu/drivers/unified_api/src/sl_si91x_bjt_temperature_sensor.o
                0x08209b5c                sl_si91x_bjt_temperature_sensor_init
 .text.sl_si91x_bjt_temperature_sensor_bg_set_channel_configuration
                0x08209c0c       0x60 ./wiseconnect3_sdk_3.4.2/components/device/silabs/si91x/mcu/drivers/unified_api/src/sl_si91x_bjt_temperature_sensor.o
                0x08209c0c                sl_si91x_bjt_temperature_sensor_bg_set_channel_configuration
 .text.sl_si91x_bjt_temperature_sensor_state
                0x08209c6c       0x24 ./wiseconnect3_sdk_3.4.2/components/device/silabs/si91x/mcu/drivers/unified_api/src/sl_si91x_bjt_temperature_sensor.o
                0x08209c6c                sl_si91x_bjt_temperature_sensor_state
 .text.sl_si91x_bjt_temperature_sensor_set_channel_configuration
                0x08209c90       0x48 ./wiseconnect3_sdk_3.4.2/components/device/silabs/si91x/mcu/drivers/unified_api/src/sl_si91x_bjt_temperature_sensor.o
                0x08209c90                sl_si91x_bjt_temperature_sensor_set_channel_configuration
 .text.sl_si91x_bjt_temperature_sensor_read_data
                0x08209cd8      0x160 ./wiseconnect3_sdk_3.4.2/components/device/silabs/si91x/mcu/drivers/unified_api/src/sl_si91x_bjt_temperature_sensor.o
                0x08209cd8                sl_si91x_bjt_temperature_sensor_read_data
 .text.sl_si91x_bjt_temperature_sensor_deinit
                0x08209e38       0x44 ./wiseconnect3_sdk_3.4.2/components/device/silabs/si91x/mcu/drivers/unified_api/src/sl_si91x_bjt_temperature_sensor.o
                0x08209e38                sl_si91x_bjt_temperature_sensor_deinit
 .text.UDMAx_DMAEnable
                0x08209e7c        0xc ./wiseconnect3_sdk_3.4.2/components/device/silabs/si91x/mcu/drivers/unified_api/src/sl_si91x_dma.o
 .text.dma_internal_callback
                0x08209e88       0x30 ./wiseconnect3_sdk_3.4.2/components/device/silabs/si91x/mcu/drivers/unified_api/src/sl_si91x_dma.o
 .text.ulp_dma_internal_callback
                0x08209eb8       0x30 ./wiseconnect3_sdk_3.4.2/components/device/silabs/si91x/mcu/drivers/unified_api/src/sl_si91x_dma.o
 .text.sl_si91x_dma_init
                0x08209ee8       0x70 ./wiseconnect3_sdk_3.4.2/components/device/silabs/si91x/mcu/drivers/unified_api/src/sl_si91x_dma.o
                0x08209ee8                sl_si91x_dma_init
 .text.sl_si91x_dma_allocate_channel
                0x08209f58       0xdc ./wiseconnect3_sdk_3.4.2/components/device/silabs/si91x/mcu/drivers/unified_api/src/sl_si91x_dma.o
                0x08209f58                sl_si91x_dma_allocate_channel
 .text.sl_si91x_dma_register_callbacks
                0x0820a034       0x5c ./wiseconnect3_sdk_3.4.2/components/device/silabs/si91x/mcu/drivers/unified_api/src/sl_si91x_dma.o
                0x0820a034                sl_si91x_dma_register_callbacks
 .text.sl_si91x_dma_unregister_callbacks
                0x0820a090       0x88 ./wiseconnect3_sdk_3.4.2/components/device/silabs/si91x/mcu/drivers/unified_api/src/sl_si91x_dma.o
                0x0820a090                sl_si91x_dma_unregister_callbacks
 .text.sl_si91x_dma_transfer
                0x0820a118      0x274 ./wiseconnect3_sdk_3.4.2/components/device/silabs/si91x/mcu/drivers/unified_api/src/sl_si91x_dma.o
                0x0820a118                sl_si91x_dma_transfer
 .text.sl_si91x_dma_channel_enable
                0x0820a38c       0x38 ./wiseconnect3_sdk_3.4.2/components/device/silabs/si91x/mcu/drivers/unified_api/src/sl_si91x_dma.o
                0x0820a38c                sl_si91x_dma_channel_enable
 .text.sl_si91x_dma_enable
                0x0820a3c4       0x30 ./wiseconnect3_sdk_3.4.2/components/device/silabs/si91x/mcu/drivers/unified_api/src/sl_si91x_dma.o
                0x0820a3c4                sl_si91x_dma_enable
 .text.sl_gpio_clear_interrupts
                0x0820a3f4       0x14 ./wiseconnect3_sdk_3.4.2/components/device/silabs/si91x/mcu/drivers/unified_api/src/sl_si91x_driver_gpio.o
 .text.sl_gpio_validation
                0x0820a408       0x36 ./wiseconnect3_sdk_3.4.2/components/device/silabs/si91x/mcu/drivers/unified_api/src/sl_si91x_driver_gpio.o
 *fill*         0x0820a43e        0x2 
 .text.sl_gpio_driver_configure_interrupt
                0x0820a440       0xf8 ./wiseconnect3_sdk_3.4.2/components/device/silabs/si91x/mcu/drivers/unified_api/src/sl_si91x_driver_gpio.o
                0x0820a440                sl_gpio_driver_configure_interrupt
 .text.sl_gpio_driver_set_pin_mode
                0x0820a538       0x32 ./wiseconnect3_sdk_3.4.2/components/device/silabs/si91x/mcu/drivers/unified_api/src/sl_si91x_driver_gpio.o
                0x0820a538                sl_gpio_driver_set_pin_mode
 .text.sl_si91x_gpio_driver_enable_pad_receiver
                0x0820a56a       0x12 ./wiseconnect3_sdk_3.4.2/components/device/silabs/si91x/mcu/drivers/unified_api/src/sl_si91x_driver_gpio.o
                0x0820a56a                sl_si91x_gpio_driver_enable_pad_receiver
 .text.sl_si91x_gpio_driver_enable_pad_selection
                0x0820a57c       0x12 ./wiseconnect3_sdk_3.4.2/components/device/silabs/si91x/mcu/drivers/unified_api/src/sl_si91x_driver_gpio.o
                0x0820a57c                sl_si91x_gpio_driver_enable_pad_selection
 .text.sl_si91x_gpio_driver_enable_host_pad_selection
                0x0820a58e       0x16 ./wiseconnect3_sdk_3.4.2/components/device/silabs/si91x/mcu/drivers/unified_api/src/sl_si91x_driver_gpio.o
                0x0820a58e                sl_si91x_gpio_driver_enable_host_pad_selection
 .text.sl_si91x_gpio_driver_enable_clock
                0x0820a5a4       0x12 ./wiseconnect3_sdk_3.4.2/components/device/silabs/si91x/mcu/drivers/unified_api/src/sl_si91x_driver_gpio.o
                0x0820a5a4                sl_si91x_gpio_driver_enable_clock
 .text.sl_si91x_gpio_driver_clear_group_interrupt
                0x0820a5b6       0x12 ./wiseconnect3_sdk_3.4.2/components/device/silabs/si91x/mcu/drivers/unified_api/src/sl_si91x_driver_gpio.o
                0x0820a5b6                sl_si91x_gpio_driver_clear_group_interrupt
 .text.sl_si91x_gpio_driver_enable_ulp_pad_receiver
                0x0820a5c8       0x12 ./wiseconnect3_sdk_3.4.2/components/device/silabs/si91x/mcu/drivers/unified_api/src/sl_si91x_driver_gpio.o
                0x0820a5c8                sl_si91x_gpio_driver_enable_ulp_pad_receiver
 .text.sl_si91x_gpio_driver_set_uulp_npss_pin_mux
                0x0820a5da       0x16 ./wiseconnect3_sdk_3.4.2/components/device/silabs/si91x/mcu/drivers/unified_api/src/sl_si91x_driver_gpio.o
                0x0820a5da                sl_si91x_gpio_driver_set_uulp_npss_pin_mux
 .text.sl_si91x_gpio_driver_select_uulp_npss_receiver
                0x0820a5f0       0x16 ./wiseconnect3_sdk_3.4.2/components/device/silabs/si91x/mcu/drivers/unified_api/src/sl_si91x_driver_gpio.o
                0x0820a5f0                sl_si91x_gpio_driver_select_uulp_npss_receiver
 *fill*         0x0820a606        0x2 
 .text.sl_gpio_set_configuration
                0x0820a608       0xdc ./wiseconnect3_sdk_3.4.2/components/device/silabs/si91x/mcu/drivers/unified_api/src/sl_si91x_driver_gpio.o
                0x0820a608                sl_gpio_set_configuration
 .text.sl_si91x_gpio_driver_set_uulp_npss_direction
                0x0820a6e4       0x16 ./wiseconnect3_sdk_3.4.2/components/device/silabs/si91x/mcu/drivers/unified_api/src/sl_si91x_driver_gpio.o
                0x0820a6e4                sl_si91x_gpio_driver_set_uulp_npss_direction
 .text.sl_si91x_gpio_driver_set_uulp_npss_pin_value
                0x0820a6fa       0x16 ./wiseconnect3_sdk_3.4.2/components/device/silabs/si91x/mcu/drivers/unified_api/src/sl_si91x_driver_gpio.o
                0x0820a6fa                sl_si91x_gpio_driver_set_uulp_npss_pin_value
 .text.sl_si91x_gpio_driver_clear_uulp_interrupt
                0x0820a710       0x12 ./wiseconnect3_sdk_3.4.2/components/device/silabs/si91x/mcu/drivers/unified_api/src/sl_si91x_driver_gpio.o
                0x0820a710                sl_si91x_gpio_driver_clear_uulp_interrupt
 *fill*         0x0820a722        0x2 
 .text.sl_si91x_gpio_driver_configure_uulp_interrupt
                0x0820a724       0x30 ./wiseconnect3_sdk_3.4.2/components/device/silabs/si91x/mcu/drivers/unified_api/src/sl_si91x_driver_gpio.o
                0x0820a724                sl_si91x_gpio_driver_configure_uulp_interrupt
 .text.sl_si91x_gpio_driver_clear_ulp_interrupt
                0x0820a754       0x12 ./wiseconnect3_sdk_3.4.2/components/device/silabs/si91x/mcu/drivers/unified_api/src/sl_si91x_driver_gpio.o
                0x0820a754                sl_si91x_gpio_driver_clear_ulp_interrupt
 .text.sl_si91x_gpio_driver_clear_ulp_group_interrupt
                0x0820a766       0x12 ./wiseconnect3_sdk_3.4.2/components/device/silabs/si91x/mcu/drivers/unified_api/src/sl_si91x_driver_gpio.o
                0x0820a766                sl_si91x_gpio_driver_clear_ulp_group_interrupt
 .text.sl_gpio_driver_init
                0x0820a778       0x94 ./wiseconnect3_sdk_3.4.2/components/device/silabs/si91x/mcu/drivers/unified_api/src/sl_si91x_driver_gpio.o
                0x0820a778                sl_gpio_driver_init
 .text.IRQ052_Handler
                0x0820a80c       0x18 ./wiseconnect3_sdk_3.4.2/components/device/silabs/si91x/mcu/drivers/unified_api/src/sl_si91x_driver_gpio.o
                0x0820a80c                IRQ052_Handler
 .text.IRQ053_Handler
                0x0820a824       0x18 ./wiseconnect3_sdk_3.4.2/components/device/silabs/si91x/mcu/drivers/unified_api/src/sl_si91x_driver_gpio.o
                0x0820a824                IRQ053_Handler
 .text.IRQ054_Handler
                0x0820a83c       0x18 ./wiseconnect3_sdk_3.4.2/components/device/silabs/si91x/mcu/drivers/unified_api/src/sl_si91x_driver_gpio.o
                0x0820a83c                IRQ054_Handler
 .text.IRQ055_Handler
                0x0820a854       0x18 ./wiseconnect3_sdk_3.4.2/components/device/silabs/si91x/mcu/drivers/unified_api/src/sl_si91x_driver_gpio.o
                0x0820a854                IRQ055_Handler
 .text.IRQ056_Handler
                0x0820a86c       0x18 ./wiseconnect3_sdk_3.4.2/components/device/silabs/si91x/mcu/drivers/unified_api/src/sl_si91x_driver_gpio.o
                0x0820a86c                IRQ056_Handler
 .text.IRQ057_Handler
                0x0820a884       0x18 ./wiseconnect3_sdk_3.4.2/components/device/silabs/si91x/mcu/drivers/unified_api/src/sl_si91x_driver_gpio.o
                0x0820a884                IRQ057_Handler
 .text.IRQ058_Handler
                0x0820a89c       0x18 ./wiseconnect3_sdk_3.4.2/components/device/silabs/si91x/mcu/drivers/unified_api/src/sl_si91x_driver_gpio.o
                0x0820a89c                IRQ058_Handler
 .text.IRQ059_Handler
                0x0820a8b4       0x18 ./wiseconnect3_sdk_3.4.2/components/device/silabs/si91x/mcu/drivers/unified_api/src/sl_si91x_driver_gpio.o
                0x0820a8b4                IRQ059_Handler
 .text.IRQ050_Handler
                0x0820a8cc       0x18 ./wiseconnect3_sdk_3.4.2/components/device/silabs/si91x/mcu/drivers/unified_api/src/sl_si91x_driver_gpio.o
                0x0820a8cc                IRQ050_Handler
 .text.IRQ051_Handler
                0x0820a8e4       0x18 ./wiseconnect3_sdk_3.4.2/components/device/silabs/si91x/mcu/drivers/unified_api/src/sl_si91x_driver_gpio.o
                0x0820a8e4                IRQ051_Handler
 .text.IRQ021_Handler
                0x0820a8fc       0x68 ./wiseconnect3_sdk_3.4.2/components/device/silabs/si91x/mcu/drivers/unified_api/src/sl_si91x_driver_gpio.o
                0x0820a8fc                IRQ021_Handler
 .text.IRQ018_Handler
                0x0820a964       0xa4 ./wiseconnect3_sdk_3.4.2/components/device/silabs/si91x/mcu/drivers/unified_api/src/sl_si91x_driver_gpio.o
                0x0820a964                IRQ018_Handler
 .text.IRQ019_Handler
                0x0820aa08       0x3c ./wiseconnect3_sdk_3.4.2/components/device/silabs/si91x/mcu/drivers/unified_api/src/sl_si91x_driver_gpio.o
                0x0820aa08                IRQ019_Handler
 .text.sl_si91x_i2c_disable_interrupts.constprop.0
                0x0820aa44       0x4c ./wiseconnect3_sdk_3.4.2/components/device/silabs/si91x/mcu/drivers/unified_api/src/sl_si91x_i2c.o
 .text.i2c_handler
                0x0820aa90       0x58 ./wiseconnect3_sdk_3.4.2/components/device/silabs/si91x/mcu/drivers/unified_api/src/sl_si91x_i2c.o
 .text.sl_si91x_i2c_pin_init
                0x0820aae8      0x108 ./wiseconnect3_sdk_3.4.2/components/device/silabs/si91x/mcu/drivers/unified_api/src/sl_si91x_i2c.o
                0x0820aae8                sl_si91x_i2c_pin_init
 .text.IRQ042_Handler
                0x0820abf0        0xc ./wiseconnect3_sdk_3.4.2/components/device/silabs/si91x/mcu/drivers/unified_api/src/sl_si91x_i2c.o
                0x0820abf0                IRQ042_Handler
 .text.IRQ061_Handler
                0x0820abfc        0xc ./wiseconnect3_sdk_3.4.2/components/device/silabs/si91x/mcu/drivers/unified_api/src/sl_si91x_i2c.o
                0x0820abfc                IRQ061_Handler
 .text.IRQ013_Handler
                0x0820ac08        0xc ./wiseconnect3_sdk_3.4.2/components/device/silabs/si91x/mcu/drivers/unified_api/src/sl_si91x_i2c.o
                0x0820ac08                IRQ013_Handler
 .text.callback_event_handler
                0x0820ac14       0x48 ./wiseconnect3_sdk_3.4.2/components/device/silabs/si91x/mcu/drivers/unified_api/src/sl_si91x_ssi.o
 .text.convert_arm_to_sl_error_code
                0x0820ac5c       0x14 ./wiseconnect3_sdk_3.4.2/components/device/silabs/si91x/mcu/drivers/unified_api/src/sl_si91x_ssi.o
 .text.validate_ssi_handle
                0x0820ac70       0x28 ./wiseconnect3_sdk_3.4.2/components/device/silabs/si91x/mcu/drivers/unified_api/src/sl_si91x_ssi.o
 .text.sl_si91x_ssi_set_fifo_threshold
                0x0820ac98       0x30 ./wiseconnect3_sdk_3.4.2/components/device/silabs/si91x/mcu/drivers/unified_api/src/sl_si91x_ssi.o
 .text.sl_si91x_ssi_configure_clock
                0x0820acc8        0xa ./wiseconnect3_sdk_3.4.2/components/device/silabs/si91x/mcu/drivers/unified_api/src/sl_si91x_ssi.o
                0x0820acc8                sl_si91x_ssi_configure_clock
 *fill*         0x0820acd2        0x2 
 .text.sl_si91x_ssi_init
                0x0820acd4       0xa8 ./wiseconnect3_sdk_3.4.2/components/device/silabs/si91x/mcu/drivers/unified_api/src/sl_si91x_ssi.o
                0x0820acd4                sl_si91x_ssi_init
 .text.sl_si91x_ssi_set_configuration
                0x0820ad7c       0xc0 ./wiseconnect3_sdk_3.4.2/components/device/silabs/si91x/mcu/drivers/unified_api/src/sl_si91x_ssi.o
                0x0820ad7c                sl_si91x_ssi_set_configuration
 .text.sl_si91x_ssi_send_data
                0x0820ae3c       0x50 ./wiseconnect3_sdk_3.4.2/components/device/silabs/si91x/mcu/drivers/unified_api/src/sl_si91x_ssi.o
                0x0820ae3c                sl_si91x_ssi_send_data
 .text.sl_si91x_ssi_transfer_data
                0x0820ae8c       0x54 ./wiseconnect3_sdk_3.4.2/components/device/silabs/si91x/mcu/drivers/unified_api/src/sl_si91x_ssi.o
                0x0820ae8c                sl_si91x_ssi_transfer_data
 .text.sl_si91x_ssi_get_version
                0x0820aee0       0x16 ./wiseconnect3_sdk_3.4.2/components/device/silabs/si91x/mcu/drivers/unified_api/src/sl_si91x_ssi.o
                0x0820aee0                sl_si91x_ssi_get_version
 *fill*         0x0820aef6        0x2 
 .text.sl_si91x_ssi_register_event_callback
                0x0820aef8       0x58 ./wiseconnect3_sdk_3.4.2/components/device/silabs/si91x/mcu/drivers/unified_api/src/sl_si91x_ssi.o
                0x0820aef8                sl_si91x_ssi_register_event_callback
 .text.sl_si91x_gpio_enable_pad_selection
                0x0820af50       0x2c ./wiseconnect3_sdk_3.4.2/components/device/silabs/si91x/mcu/drivers/unified_peripheral_drivers/src/sl_si91x_peripheral_gpio.o
                0x0820af50                sl_si91x_gpio_enable_pad_selection
 .text.sl_si91x_gpio_enable_host_pad_selection
                0x0820af7c       0x1c ./wiseconnect3_sdk_3.4.2/components/device/silabs/si91x/mcu/drivers/unified_peripheral_drivers/src/sl_si91x_peripheral_gpio.o
                0x0820af7c                sl_si91x_gpio_enable_host_pad_selection
 .text.sl_si91x_gpio_clear_group_interrupt
                0x0820af98       0x14 ./wiseconnect3_sdk_3.4.2/components/device/silabs/si91x/mcu/drivers/unified_peripheral_drivers/src/sl_si91x_peripheral_gpio.o
                0x0820af98                sl_si91x_gpio_clear_group_interrupt
 .text.sl_si91x_gpio_clear_uulp_interrupt
                0x0820afac        0xc ./wiseconnect3_sdk_3.4.2/components/device/silabs/si91x/mcu/drivers/unified_peripheral_drivers/src/sl_si91x_peripheral_gpio.o
                0x0820afac                sl_si91x_gpio_clear_uulp_interrupt
 .text.sl_si91x_gpio_get_uulp_interrupt_status
                0x0820afb8       0x10 ./wiseconnect3_sdk_3.4.2/components/device/silabs/si91x/mcu/drivers/unified_peripheral_drivers/src/sl_si91x_peripheral_gpio.o
                0x0820afb8                sl_si91x_gpio_get_uulp_interrupt_status
 .text.sl_si91x_gpio_get_ulp_interrupt_status
                0x0820afc8       0x10 ./wiseconnect3_sdk_3.4.2/components/device/silabs/si91x/mcu/drivers/unified_peripheral_drivers/src/sl_si91x_peripheral_gpio.o
                0x0820afc8                sl_si91x_gpio_get_ulp_interrupt_status
 .text.sl_si91x_gpio_clear_ulp_interrupt
                0x0820afd8       0x14 ./wiseconnect3_sdk_3.4.2/components/device/silabs/si91x/mcu/drivers/unified_peripheral_drivers/src/sl_si91x_peripheral_gpio.o
                0x0820afd8                sl_si91x_gpio_clear_ulp_interrupt
 .text.sl_si91x_gpio_clear_ulp_group_interrupt
                0x0820afec       0x14 ./wiseconnect3_sdk_3.4.2/components/device/silabs/si91x/mcu/drivers/unified_peripheral_drivers/src/sl_si91x_peripheral_gpio.o
                0x0820afec                sl_si91x_gpio_clear_ulp_group_interrupt
 .text.sl_assert_failed
                0x0820b000       0x10 ./wiseconnect3_sdk_3.4.2/components/device/silabs/si91x/mcu/drivers/unified_peripheral_drivers/src/sl_si91x_peripheral_gpio.o
                0x0820b000                sl_assert_failed
 .text.sl_gpio_configure_interrupt
                0x0820b010      0x128 ./wiseconnect3_sdk_3.4.2/components/device/silabs/si91x/mcu/drivers/unified_peripheral_drivers/src/sl_si91x_peripheral_gpio.o
                0x0820b010                sl_gpio_configure_interrupt
 .text.sl_gpio_set_pin_output